Component: Arm Compiler for Embedded 6.19 Tool: armlink [5e73cb00]

==============================================================================

Section Cross References

    at32f403a_407_clock.o(.text.system_clock_config) refers to at32f403a_407_crm.o(.text.crm_reset) for crm_reset
    at32f403a_407_clock.o(.text.system_clock_config) refers to at32f403a_407_crm.o(.text.crm_clock_source_enable) for crm_clock_source_enable
    at32f403a_407_clock.o(.text.system_clock_config) refers to at32f403a_407_crm.o(.text.crm_hext_stable_wait) for crm_hext_stable_wait
    at32f403a_407_clock.o(.text.system_clock_config) refers to at32f403a_407_crm.o(.text.crm_pll_config) for crm_pll_config
    at32f403a_407_clock.o(.text.system_clock_config) refers to at32f403a_407_crm.o(.text.crm_hext_clock_div_set) for crm_hext_clock_div_set
    at32f403a_407_clock.o(.text.system_clock_config) refers to at32f403a_407_crm.o(.text.crm_flag_get) for crm_flag_get
    at32f403a_407_clock.o(.text.system_clock_config) refers to at32f403a_407_crm.o(.text.crm_ahb_div_set) for crm_ahb_div_set
    at32f403a_407_clock.o(.text.system_clock_config) refers to at32f403a_407_crm.o(.text.crm_apb2_div_set) for crm_apb2_div_set
    at32f403a_407_clock.o(.text.system_clock_config) refers to at32f403a_407_crm.o(.text.crm_apb1_div_set) for crm_apb1_div_set
    at32f403a_407_clock.o(.text.system_clock_config) refers to at32f403a_407_crm.o(.text.crm_auto_step_mode_enable) for crm_auto_step_mode_enable
    at32f403a_407_clock.o(.text.system_clock_config) refers to at32f403a_407_crm.o(.text.crm_sysclk_switch) for crm_sysclk_switch
    at32f403a_407_clock.o(.text.system_clock_config) refers to at32f403a_407_crm.o(.text.crm_sysclk_switch_status_get) for crm_sysclk_switch_status_get
    at32f403a_407_clock.o(.text.system_clock_config) refers to system_at32f403a_407.o(.text.system_core_clock_update) for system_core_clock_update
    at32f403a_407_clock.o(.ARM.exidx.text.system_clock_config) refers to at32f403a_407_clock.o(.text.system_clock_config) for [Anonymous Symbol]
    at32f403a_407_int.o(.ARM.exidx.text.NMI_Handler) refers to at32f403a_407_int.o(.text.NMI_Handler) for [Anonymous Symbol]
    at32f403a_407_int.o(.ARM.exidx.text.HardFault_Handler) refers to at32f403a_407_int.o(.text.HardFault_Handler) for [Anonymous Symbol]
    at32f403a_407_int.o(.ARM.exidx.text.MemManage_Handler) refers to at32f403a_407_int.o(.text.MemManage_Handler) for [Anonymous Symbol]
    at32f403a_407_int.o(.ARM.exidx.text.BusFault_Handler) refers to at32f403a_407_int.o(.text.BusFault_Handler) for [Anonymous Symbol]
    at32f403a_407_int.o(.ARM.exidx.text.UsageFault_Handler) refers to at32f403a_407_int.o(.text.UsageFault_Handler) for [Anonymous Symbol]
    at32f403a_407_int.o(.ARM.exidx.text.SVC_Handler) refers to at32f403a_407_int.o(.text.SVC_Handler) for [Anonymous Symbol]
    at32f403a_407_int.o(.ARM.exidx.text.DebugMon_Handler) refers to at32f403a_407_int.o(.text.DebugMon_Handler) for [Anonymous Symbol]
    at32f403a_407_int.o(.ARM.exidx.text.PendSV_Handler) refers to at32f403a_407_int.o(.text.PendSV_Handler) for [Anonymous Symbol]
    at32f403a_407_int.o(.ARM.exidx.text.SysTick_Handler) refers to at32f403a_407_int.o(.text.SysTick_Handler) for [Anonymous Symbol]
    hid_iap_user.o(.text.jump_to_app) refers to at32f403a_407_misc.o(.text.nvic_irq_disable) for nvic_irq_disable
    hid_iap_user.o(.text.jump_to_app) refers to at32f403a_407_crm.o(.text.crm_periph_clock_enable) for crm_periph_clock_enable
    hid_iap_user.o(.text.jump_to_app) refers to at32f403a_407_crm.o(.text.crm_periph_reset) for crm_periph_reset
    hid_iap_user.o(.text.jump_to_app) refers to hid_iap_user.o(.bss.pftarget) for pftarget
    hid_iap_user.o(.ARM.exidx.text.jump_to_app) refers to hid_iap_user.o(.text.jump_to_app) for [Anonymous Symbol]
    hid_iap_user.o(.text.iap_clear_upgrade_flag) refers to at32f403a_407_flash.o(.text.flash_unlock) for flash_unlock
    hid_iap_user.o(.text.iap_clear_upgrade_flag) refers to hid_iap_class.o(.bss.iap_info) for iap_info
    hid_iap_user.o(.text.iap_clear_upgrade_flag) refers to at32f403a_407_flash.o(.text.flash_sector_erase) for flash_sector_erase
    hid_iap_user.o(.text.iap_clear_upgrade_flag) refers to at32f403a_407_flash.o(.text.flash_lock) for flash_lock
    hid_iap_user.o(.ARM.exidx.text.iap_clear_upgrade_flag) refers to hid_iap_user.o(.text.iap_clear_upgrade_flag) for [Anonymous Symbol]
    hid_iap_user.o(.text.iap_set_upgrade_flag) refers to at32f403a_407_flash.o(.text.flash_unlock) for flash_unlock
    hid_iap_user.o(.text.iap_set_upgrade_flag) refers to hid_iap_class.o(.bss.iap_info) for iap_info
    hid_iap_user.o(.text.iap_set_upgrade_flag) refers to at32f403a_407_flash.o(.text.flash_word_program) for flash_word_program
    hid_iap_user.o(.text.iap_set_upgrade_flag) refers to at32f403a_407_flash.o(.text.flash_lock) for flash_lock
[...]
    ../clib/signal.c                         0x00000000   Number         0  defsig_stak_inner.o ABSOLUTE
    ../clib/signal.c                         0x00000000   Number         0  defsig_pvfn_inner.o ABSOLUTE
    ../clib/signal.c                         0x00000000   Number         0  defsig_cppl_inner.o ABSOLUTE
    ../clib/signal.c                         0x00000000   Number         0  defsig_segv_inner.o ABSOLUTE
    ../clib/signal.c                         0x00000000   Number         0  defsig_other.o ABSOLUTE
    ../clib/signal.s                         0x00000000   Number         0  defsig.o ABSOLUTE
    ../clib/stdlib.c                         0x00000000   Number         0  exit.o ABSOLUTE
    ../fplib/fpinit.s                        0x00000000   Number         0  fpinit.o ABSOLUTE
    at32f403a_407_acc.c                      0x00000000   Number         0  at32f403a_407_acc.o ABSOLUTE
    at32f403a_407_board.c                    0x00000000   Number         0  at32f403a_407_board.o ABSOLUTE
    at32f403a_407_clock.c                    0x00000000   Number         0  at32f403a_407_clock.o ABSOLUTE
    at32f403a_407_crc.c                      0x00000000   Number         0  at32f403a_407_crc.o ABSOLUTE
    at32f403a_407_crm.c                      0x00000000   Number         0  at32f403a_407_crm.o ABSOLUTE
    at32f403a_407_flash.c                    0x00000000   Number         0  at32f403a_407_flash.o ABSOLUTE
    at32f403a_407_gpio.c                     0x00000000   Number         0  at32f403a_407_gpio.o ABSOLUTE
    at32f403a_407_int.c                      0x00000000   Number         0  at32f403a_407_int.o ABSOLUTE
    at32f403a_407_misc.c                     0x00000000   Number         0  at32f403a_407_misc.o ABSOLUTE
    at32f403a_407_usart.c                    0x00000000   Number         0  at32f403a_407_usart.o ABSOLUTE
    at32f403a_407_usb.c                      0x00000000   Number         0  at32f403a_407_usb.o ABSOLUTE
    dc.s                                     0x00000000   Number         0  dc.o ABSOLUTE
    hid_iap_class.c                          0x00000000   Number         0  hid_iap_class.o ABSOLUTE
    hid_iap_desc.c                           0x00000000   Number         0  hid_iap_desc.o ABSOLUTE
    hid_iap_user.c                           0x00000000   Number         0  hid_iap_user.o ABSOLUTE
    main.c                                   0x00000000   Number         0  main.o ABSOLUTE
    system_at32f403a_407.c                   0x00000000   Number         0  system_at32f403a_407.o ABSOLUTE
    usbd_core.c                              0x00000000   Number         0  usbd_core.o ABSOLUTE
    usbd_int.c                               0x00000000   Number         0  usbd_int.o ABSOLUTE
    usbd_sdr.c                               0x00000000   Number         0  usbd_sdr.o ABSOLUTE
    RESET                                    0x08000000   Section      388  startup_at32f403a_407.o(RESET)
    !!!main                                  0x08000184   Section        8  __main.o(!!!main)
    !!!scatter                               0x0800018c   Section       52  __scatter.o(!!!scatter)
    !!handler_copy                           0x080001c0   Section       26  __scatter_copy.o(!!handler_copy)
    !!handler_zi                             0x080001dc   Section       28  __scatter_zi.o(!!handler_zi)
    .ARM.Collect$$libinit$$00000000          0x080001f8   Section        2  libinit.o(.ARM.Collect$$libinit$$00000000)
    .ARM.Collect$$libinit$$00000001          0x080001fa   Section        4  libinit2.o(.ARM.Collect$$libinit$$00000001)
    .ARM.Collect$$libinit$$00000004          0x080001fe   Section        0  libinit2.o(.ARM.Collect$$libinit$$00000004)
    .ARM.Collect$$libinit$$00000006          0x080001fe   Section        0  libinit2.o(.ARM.Collect$$libinit$$00000006)
    .ARM.Collect$$libinit$$0000000C          0x080001fe   Section        0  libinit2.o(.ARM.Collect$$libinit$$0000000C)
    .ARM.Collect$$libinit$$0000000E          0x080001fe   Section        0  libinit2.o(.ARM.Collect$$libinit$$0000000E)
    .ARM.Collect$$libinit$$00000010          0x080001fe   Section        0  libinit2.o(.ARM.Collect$$libinit$$00000010)
    .ARM.Collect$$libinit$$00000013          0x080001fe   Section        0  libinit2.o(.ARM.Collect$$libinit$$00000013)
    .ARM.Collect$$libinit$$00000015          0x080001fe   Section        0  libinit2.o(.ARM.Collect$$libinit$$00000015)
    .ARM.Collect$$libinit$$00000017          0x080001fe   Section        0  libinit2.o(.ARM.Collect$$libinit$$00000017)
    .ARM.Collect$$libinit$$00000019          0x080001fe   Section        0  libinit2.o(.ARM.Collect$$libinit$$00000019)
    .ARM.Collect$$libinit$$0000001B          0x080001fe   Section        0  libinit2.o(.ARM.Collect$$libinit$$0000001B)
    .ARM.Collect$$libinit$$0000001D          0x080001fe   Section        0  libinit2.o(.ARM.Collect$$libinit$$0000001D)
    .ARM.Collect$$libinit$$0000001F          0x080001fe   Section        0  libinit2.o(.ARM.Collect$$libinit$$0000001F)
    .ARM.Collect$$libinit$$00000021          0x080001fe   Section        0  libinit2.o(.ARM.Collect$$libinit$$00000021)
    .ARM.Collect$$libinit$$00000023          0x080001fe   Section        0  libinit2.o(.ARM.Collect$$libinit$$00000023)
    .ARM.Collect$$libinit$$00000025          0x080001fe   Section        0  libinit2.o(.ARM.Collect$$libinit$$00000025)
    .ARM.Collect$$libinit$$00000027          0x080001fe   Section        0  libinit2.o(.ARM.Collect$$libinit$$00000027)
    .ARM.Collect$$libinit$$0000002E          0x080001fe   Section        0  libinit2.o(.ARM.Collect$$libinit$$0000002E)
    .ARM.Collect$$libinit$$00000030          0x080001fe   Section        0  libinit2.o(.ARM.Collect$$libinit$$00000030)
    .ARM.Collect$$libinit$$00000032          0x080001fe   Section        0  libinit2.o(.ARM.Collect$$libinit$$00000032)
    .ARM.Collect$$libinit$$00000034          0x080001fe   Section        0  libinit2.o(.ARM.Collect$$libinit$$00000034)
    .ARM.Collect$$libinit$$00000035          0x080001fe   Section        2  libinit2.o(.ARM.Collect$$libinit$$00000035)
    .ARM.Collect$$libshutdown$$00000000      0x08000200   Section        2  libshutdown.o(.ARM.Collect$$libshutdown$$00000000)
    .ARM.Collect$$libshutdown$$00000002      0x08000202   Section        0  libshutdown2.o(.ARM.Collect$$libshutdown$$00000002)
    .ARM.Collect$$libshutdown$$00000004      0x08000202   Section        0  libshutdown2.o(.ARM.Collect$$libshutdown$$00000004)
    .ARM.Collect$$libshutdown$$00000007      0x08000202   Section        0  libshutdown2.o(.ARM.Collect$$libshutdown$$00000007)
    .ARM.Collect$$libshutdown$$0000000A      0x08000202   Section        0  libshutdown2.o(.ARM.Collect$$libshutdown$$0000000A)
    .ARM.Collect$$libshutdown$$0000000C      0x08000202   Section        0  libshutdown2.o(.ARM.Collect$$libshutdown$$0000000C)
    .ARM.Collect$$libshutdown$$0000000F      0x08000202   Section        0  libshutdown2.o(.ARM.Collect$$libshutdown$$0000000F)
    .ARM.Collect$$libshutdown$$00000010      0x08000202   Section        2  libshutdown2.o(.ARM.Collect$$libshutdown$$00000010)
    .ARM.Collect$$rtentry$$00000000          0x08000204   Section        0  __rtentry.o(.ARM.Collect$$rtentry$$00000000)
    .ARM.Collect$$rtentry$$00000002          0x08000204   Section        0  __rtentry2.o(.ARM.Collect$$rtentry$$00000002)
    .ARM.Collect$$rtentry$$00000004          0x08000204   Section        6  __rtentry4.o(.ARM.Collect$$rtentry$$00000004)
    .ARM.Collect$$rtentry$$00000009          0x0800020a   Section        0  __rtentry2.o(.ARM.Collect$$rtentry$$00000009)
    .ARM.Collect$$rtentry$$0000000A          0x0800020a   Section        4  __rtentry2.o(.ARM.Collect$$rtentry$$0000000A)
    .ARM.Collect$$rtentry$$0000000C          0x0800020e   Section        0  __rtentry2.o(.ARM.Collect$$rtentry$$0000000C)
    .ARM.Collect$$rtentry$$0000000D          0x0800020e   Section        8  __rtentry2.o(.ARM.Collect$$rtentry$$0000000D)
    .ARM.Collect$$rtexit$$00000000           0x08000216   Section        2  rtexit.o(.ARM.Collect$$rtexit$$00000000)
    .ARM.Collect$$rtexit$$00000002           0x08000218   Section        0  rtexit2.o(.ARM.Collect$$rtexit$$00000002)
    .ARM.Collect$$rtexit$$00000003           0x08000218   Section        4  rtexit2.o(.ARM.Collect$$rtexit$$00000003)
    .ARM.Collect$$rtexit$$00000004           0x0800021c   Section        6  rtexit2.o(.ARM.Collect$$rtexit$$00000004)
    $v0                                      0x08000224   Number         0  startup_at32f403a_407.o(.text)
    .text                                    0x08000224   Section       64  startup_at32f403a_407.o(.text)
    .text                                    0x08000264   Section        2  use_no_semi_2.o(.text)
    .text                                    0x08000266   Section        0  heapauxi.o(.text)
    .text                                    0x0800026c   Section        2  use_no_semi.o(.text)
    .text                                    0x0800026e   Section       74  sys_stackheap_outer.o(.text)
    .text                                    0x080002b8   Section        0  exit.o(.text)
    .text                                    0x080002cc   Section        8  libspace.o(.text)
    [Anonymous Symbol]                       0x080002d4   Section        0  at32f403a_407_int.o(.text.BusFault_Handler)
    [Anonymous Symbol]                       0x080002d8   Section        0  at32f403a_407_int.o(.text.DebugMon_Handler)
    [Anonymous Symbol]                       0x080002dc   Section        0  at32f403a_407_int.o(.text.HardFault_Handler)
    [Anonymous Symbol]                       0x080002e0   Section        0  at32f403a_407_int.o(.text.MemManage_Handler)
    [Anonymous Symbol]                       0x080002e4   Section        0  at32f403a_407_int.o(.text.NMI_Handler)
    [Anonymous Symbol]                       0x080002e8   Section        0  at32f403a_407_int.o(.text.PendSV_Handler)
    [Anonymous Symbol]                       0x080002ec   Section        0  at32f403a_407_int.o(.text.SVC_Handler)
    [Anonymous Symbol]                       0x080002f0   Section        0  at32f403a_407_int.o(.text.SysTick_Handler)
    [Anonymous Symbol]                       0x080002f4   Section        0  system_at32f403a_407.o(.text.SystemInit)
    [Anonymous Symbol]                       0x08000350   Section        0  main.o(.text.USBFS_L_CAN1_RX0_IRQHandler)
    [Anonymous Symbol]                       0x0800035c   Section        0  at32f403a_407_int.o(.text.UsageFault_Handler)
    [Anonymous Symbol]                       0x08000360   Section        0  at32f403a_407_board.o(.text._sys_exit)
    [Anonymous Symbol]                       0x08000364   Section        0  at32f403a_407_acc.o(.text.acc_calibration_mode_enable)
    [Anonymous Symbol]                       0x08000384   Section        0  at32f403a_407_acc.o(.text.acc_write_c1)
    [Anonymous Symbol]                       0x08000390   Section        0  at32f403a_407_acc.o(.text.acc_write_c2)
    [Anonymous Symbol]                       0x0800039c   Section        0  at32f403a_407_acc.o(.text.acc_write_c3)
    [Anonymous Symbol]                       0x080003a8   Section        0  at32f403a_407_board.o(.text.at32_board_init)
    class_clear_handler                      0x080004bd   Thumb Code    22  hid_iap_class.o(.text.class_clear_handler)
    [Anonymous Symbol]                       0x080004bc   Section        0  hid_iap_class.o(.text.class_clear_handler)
    class_ept0_rx_handler                    0x080004d5   Thumb Code    32  hid_iap_class.o(.text.class_ept0_rx_handler)
    [Anonymous Symbol]                       0x080004d4   Section        0  hid_iap_class.o(.text.class_ept0_rx_handler)
    class_ept0_tx_handler                    0x080004f5   Thumb Code     4  hid_iap_class.o(.text.class_ept0_tx_handler)
    [Anonymous Symbol]                       0x080004f4   Section        0  hid_iap_class.o(.text.class_ept0_tx_handler)
    class_event_handler                      0x080004f9   Thumb Code     4  hid_iap_class.o(.text.class_event_handler)
    [Anonymous Symbol]                       0x080004f8   Section        0  hid_iap_class.o(.text.class_event_handler)
    class_in_handler                         0x080004fd   Thumb Code    10  hid_iap_class.o(.text.class_in_handler)
    [Anonymous Symbol]                       0x080004fc   Section        0  hid_iap_class.o(.text.class_in_handler)
    class_init_handler                       0x08000509   Thumb Code    50  hid_iap_class.o(.text.class_init_handler)
    [Anonymous Symbol]                       0x08000508   Section        0  hid_iap_class.o(.text.class_init_handler)
    class_out_handler                        0x0800053d   Thumb Code    44  hid_iap_class.o(.text.class_out_handler)
    [Anonymous Symbol]                       0x0800053c   Section        0  hid_iap_class.o(.text.class_out_handler)
    class_setup_handler                      0x08000569   Thumb Code   202  hid_iap_class.o(.text.class_setup_handler)
    [Anonymous Symbol]                       0x08000568   Section        0  hid_iap_class.o(.text.class_setup_handler)
    class_sof_handler                        0x08000635   Thumb Code     4  hid_iap_class.o(.text.class_sof_handler)
    [Anonymous Symbol]                       0x08000634   Section        0  hid_iap_class.o(.text.class_sof_handler)
    [Anonymous Symbol]                       0x08000638   Section        0  at32f403a_407_crc.o(.text.crc_data_get)
    [Anonymous Symbol]                       0x08000644   Section        0  at32f403a_407_crc.o(.text.crc_data_reset)
    [Anonymous Symbol]                       0x08000658   Section        0  at32f403a_407_crc.o(.text.crc_one_word_calculate)
    [Anonymous Symbol]                       0x08000668   Section        0  at32f403a_407_crm.o(.text.crm_ahb_div_set)
    [Anonymous Symbol]                       0x08000684   Section        0  at32f403a_407_crm.o(.text.crm_apb1_div_set)
    [Anonymous Symbol]                       0x080006a0   Section        0  at32f403a_407_crm.o(.text.crm_apb2_div_set)
    [Anonymous Symbol]                       0x080006bc   Section        0  at32f403a_407_crm.o(.text.crm_auto_step_mode_enable)
    [Anonymous Symbol]                       0x080006d4   Section        0  at32f403a_407_crm.o(.text.crm_clock_source_enable)
    [Anonymous Symbol]                       0x08000750   Section        0  at32f403a_407_crm.o(.text.crm_flag_get)
    [Anonymous Symbol]                       0x0800076c   Section        0  at32f403a_407_crm.o(.text.crm_hext_clock_div_set)
    [Anonymous Symbol]                       0x08000788   Section        0  at32f403a_407_crm.o(.text.crm_hext_stable_wait)
    [Anonymous Symbol]                       0x080007ac   Section        0  at32f403a_407_crm.o(.text.crm_periph_clock_enable)
    [Anonymous Symbol]                       0x080007d4   Section        0  at32f403a_407_crm.o(.text.crm_periph_reset)
    [Anonymous Symbol]                       0x080007fc   Section        0  at32f403a_407_crm.o(.text.crm_pll_config)
    [Anonymous Symbol]                       0x0800086c   Section        0  at32f403a_407_crm.o(.text.crm_reset)
    [Anonymous Symbol]                       0x080008b0   Section        0  at32f403a_407_crm.o(.text.crm_sysclk_switch)
    [Anonymous Symbol]                       0x080008c4   Section        0  at32f403a_407_crm.o(.text.crm_sysclk_switch_status_get)
    [Anonymous Symbol]                       0x080008d4   Section        0  at32f403a_407_crm.o(.text.crm_usb_clock_div_set)
    [Anonymous Symbol]                       0x080008f0   Section        0  at32f403a_407_crm.o(.text.crm_usb_clock_source_select)
    [Anonymous Symbol]                       0x08000924   Section        0  at32f403a_407_board.o(.text.delay_ms)
    [Anonymous Symbol]                       0x08000988   Section        0  at32f403a_407_flash.o(.text.flash_lock)
    [Anonymous Symbol]                       0x080009a4   Section        0  at32f403a_407_flash.o(.text.flash_sector_erase)
    [Anonymous Symbol]                       0x08000b88   Section        0  at32f403a_407_flash.o(.text.flash_unlock)
    [Anonymous Symbol]                       0x08000bac   Section        0  at32f403a_407_flash.o(.text.flash_word_program)
    get_device_config_string                 0x08000d75   Thumb Code    80  hid_iap_desc.o(.text.get_device_config_string)
    [Anonymous Symbol]                       0x08000d74   Section        0  hid_iap_desc.o(.text.get_device_config_string)
    get_device_configuration                 0x08000dc5   Thumb Code    10  hid_iap_desc.o(.text.get_device_configuration)
    [Anonymous Symbol]                       0x08000dc4   Section        0  hid_iap_desc.o(.text.get_device_configuration)
    get_device_descriptor                    0x08000dd1   Thumb Code    10  hid_iap_desc.o(.text.get_device_descriptor)
    [Anonymous Symbol]                       0x08000dd0   Section        0  hid_iap_desc.o(.text.get_device_descriptor)
    get_device_interface_string              0x08000ddd   Thumb Code    80  hid_iap_desc.o(.text.get_device_interface_string)
    [Anonymous Symbol]                       0x08000ddc   Section        0  hid_iap_desc.o(.text.get_device_interface_string)
    get_device_lang_id                       0x08000e2d   Thumb Code    10  hid_iap_desc.o(.text.get_device_lang_id)
    [Anonymous Symbol]                       0x08000e2c   Section        0  hid_iap_desc.o(.text.get_device_lang_id)
    get_device_manufacturer_string           0x08000e39   Thumb Code    80  hid_iap_desc.o(.text.get_device_manufacturer_string)
    [Anonymous Symbol]                       0x08000e38   Section        0  hid_iap_desc.o(.text.get_device_manufacturer_string)
    get_device_other_speed                   0x08000e89   Thumb Code     4  hid_iap_desc.o(.text.get_device_other_speed)
    [Anonymous Symbol]                       0x08000e88   Section        0  hid_iap_desc.o(.text.get_device_other_speed)
    get_device_product_string                0x08000e8d   Thumb Code    80  hid_iap_desc.o(.text.get_device_product_string)
    [Anonymous Symbol]                       0x08000e8c   Section        0  hid_iap_desc.o(.text.get_device_product_string)
    get_device_qualifier                     0x08000edd   Thumb Code     4  hid_iap_desc.o(.text.get_device_qualifier)
    [Anonymous Symbol]                       0x08000edc   Section        0  hid_iap_desc.o(.text.get_device_qualifier)
    get_device_serial_string                 0x08000ee1   Thumb Code   128  hid_iap_desc.o(.text.get_device_serial_string)
    [Anonymous Symbol]                       0x08000ee0   Section        0  hid_iap_desc.o(.text.get_device_serial_string)
    [Anonymous Symbol]                       0x08000f60   Section        0  at32f403a_407_gpio.o(.text.gpio_default_para_init)
    [Anonymous Symbol]                       0x08000f74   Section        0  at32f403a_407_gpio.o(.text.gpio_init)
    [Anonymous Symbol]                       0x08001034   Section        0  hid_iap_user.o(.text.iap_address)
    [Anonymous Symbol]                       0x080010d0   Section        0  hid_iap_user.o(.text.iap_crc)
    [Anonymous Symbol]                       0x08001158   Section        0  hid_iap_user.o(.text.iap_data_write)
    [Anonymous Symbol]                       0x08001200   Section        0  hid_iap_user.o(.text.iap_get_upgrade_flag)
    [Anonymous Symbol]                       0x08001220   Section        0  hid_iap_user.o(.text.iap_init)
    [Anonymous Symbol]                       0x08001288   Section        0  hid_iap_user.o(.text.iap_loop)
    [Anonymous Symbol]                       0x08001304   Section        0  hid_iap_user.o(.text.jump_to_app)
    [Anonymous Symbol]                       0x08001364   Section        0  main.o(.text.main)
    [Anonymous Symbol]                       0x080013e0   Section        0  at32f403a_407_misc.o(.text.nvic_irq_disable)
    [Anonymous Symbol]                       0x08001408   Section        0  at32f403a_407_misc.o(.text.nvic_irq_enable)
    [Anonymous Symbol]                       0x0800147c   Section        0  at32f403a_407_misc.o(.text.nvic_priority_group_config)
    [Anonymous Symbol]                       0x0800149c   Section        0  at32f403a_407_clock.o(.text.system_clock_config)
    [Anonymous Symbol]                       0x0800150c   Section        0  system_at32f403a_407.o(.text.system_core_clock_update)
    system_core_clock_update.sys_ahb_div_table 0x080015b0   Number         0  system_at32f403a_407.o(.text.system_core_clock_update)
    [Anonymous Symbol]                       0x080015c0   Section        0  at32f403a_407_misc.o(.text.systick_clock_source_config)
    [Anonymous Symbol]                       0x080015d8   Section        0  at32f403a_407_usb.o(.text.usb_buffer_free)
    [Anonymous Symbol]                       0x080015e8   Section        0  at32f403a_407_usb.o(.text.usb_buffer_malloc)
    [Anonymous Symbol]                       0x080015fc   Section        0  main.o(.text.usb_clock48m_select)
    [Anonymous Symbol]                       0x080016f8   Section        0  at32f403a_407_usb.o(.text.usb_connect)
    [Anonymous Symbol]                       0x0800170c   Section        0  at32f403a_407_usb.o(.text.usb_dev_init)
    [Anonymous Symbol]                       0x08001728   Section        0  at32f403a_407_usb.o(.text.usb_enter_suspend)
    [Anonymous Symbol]                       0x0800173c   Section        0  at32f403a_407_usb.o(.text.usb_ept_close)
    [Anonymous Symbol]                       0x08001818   Section        0  at32f403a_407_usb.o(.text.usb_ept_open)
    [Anonymous Symbol]                       0x08001b3c   Section        0  at32f403a_407_usb.o(.text.usb_exit_suspend)
    [Anonymous Symbol]                       0x08001b50   Section        0  at32f403a_407_usb.o(.text.usb_flag_clear)
    [Anonymous Symbol]                       0x08001b58   Section        0  hid_iap_class.o(.text.usb_iap_class_send_report)
    [Anonymous Symbol]                       0x08001b78   Section        0  at32f403a_407_usb.o(.text.usb_read_packet)
    [Anonymous Symbol]                       0x08001bb0   Section        0  at32f403a_407_usb.o(.text.usb_set_address)
    [Anonymous Symbol]                       0x08001bc4   Section        0  at32f403a_407_usb.o(.text.usb_write_packet)
    [Anonymous Symbol]                       0x08001bfc   Section        0  usbd_core.o(.text.usbd_clear_stall)
    [Anonymous Symbol]                       0x08001c48   Section        0  usbd_core.o(.text.usbd_connect)
    [Anonymous Symbol]                       0x08001c50   Section        0  usbd_core.o(.text.usbd_connect_state_get)
    [Anonymous Symbol]                       0x08001c58   Section        0  usbd_core.o(.text.usbd_core_in_handler)
    [Anonymous Symbol]                       0x08001d44   Section        0  usbd_core.o(.text.usbd_core_init)
    [Anonymous Symbol]                       0x08001dbc   Section        0  usbd_core.o(.text.usbd_core_out_handler)
    [Anonymous Symbol]                       0x08001e58   Section        0  usbd_core.o(.text.usbd_core_setup_handler)
    [Anonymous Symbol]                       0x08001eac   Section        0  usbd_core.o(.text.usbd_ctrl_recv)
    [Anonymous Symbol]                       0x08001eec   Section        0  usbd_core.o(.text.usbd_ctrl_send)
    [Anonymous Symbol]                       0x08001f04   Section        0  usbd_core.o(.text.usbd_ctrl_send_status)
    [Anonymous Symbol]                       0x08001f18   Section        0  usbd_core.o(.text.usbd_ctrl_unsupport)
    [Anonymous Symbol]                       0x08001f60   Section        0  usbd_sdr.o(.text.usbd_device_request)
    [Anonymous Symbol]                       0x080021a0   Section        0  usbd_sdr.o(.text.usbd_endpoint_request)
    [Anonymous Symbol]                       0x080022bc   Section        0  usbd_core.o(.text.usbd_enter_suspend)
    [Anonymous Symbol]                       0x080022c4   Section        0  usbd_core.o(.text.usbd_ept_buf_auto_define)
    [Anonymous Symbol]                       0x08002310   Section        0  usbd_core.o(.text.usbd_ept_close)
    [Anonymous Symbol]                       0x0800232c   Section        0  usbd_core.o(.text.usbd_ept_defaut_init)
    [Anonymous Symbol]                       0x08002390   Section        0  usbd_core.o(.text.usbd_ept_open)
    [Anonymous Symbol]                       0x080023d4   Section        0  usbd_core.o(.text.usbd_ept_recv)
    [Anonymous Symbol]                       0x08002414   Section        0  usbd_core.o(.text.usbd_ept_send)
    [Anonymous Symbol]                       0x080024c4   Section        0  usbd_int.o(.text.usbd_eptn_handler)
    [Anonymous Symbol]                       0x0800267c   Section        0  usbd_core.o(.text.usbd_get_recv_len)
    [Anonymous Symbol]                       0x0800268c   Section        0  hid_iap_user.o(.text.usbd_hid_iap_in_complete)
    [Anonymous Symbol]                       0x080026a4   Section        0  hid_iap_user.o(.text.usbd_hid_iap_process)
    [Anonymous Symbol]                       0x08002850   Section        0  usbd_sdr.o(.text.usbd_interface_request)
    [Anonymous Symbol]                       0x08002894   Section        0  usbd_int.o(.text.usbd_irq_handler)
    [Anonymous Symbol]                       0x080029a0   Section        0  usbd_core.o(.text.usbd_set_stall)
    [Anonymous Symbol]                       0x080029ec   Section        0  usbd_sdr.o(.text.usbd_setup_request_parse)
    $v0                                      0x08002a02   Number         0  fpinit.o(x$fpl$fpinit)
    x$fpl$fpinit                             0x08002a02   Section       26  fpinit.o(x$fpl$fpinit)
    .L.str.1                                 0x08002a1c   Data           8  hid_iap_desc.o(.rodata.str1.1)
    [Anonymous Symbol]                       0x08002a1c   Section        0  hid_iap_desc.o(.rodata.str1.1)
    .L.str.3                                 0x08002a24   Data          18  hid_iap_desc.o(.rodata.str1.1)
    .L.str.4                                 0x08002a36   Data          15  hid_iap_desc.o(.rodata.str1.1)
    .L.str                                   0x08002a45   Data           7  hid_iap_desc.o(.rodata.str1.1)
    config_descriptor                        0x20000000   Data           8  hid_iap_desc.o(.data.config_descriptor)
    [Anonymous Symbol]                       0x20000000   Section        0  hid_iap_desc.o(.data.config_descriptor)
    device_descriptor                        0x20000008   Data           8  hid_iap_desc.o(.data.device_descriptor)
    [Anonymous Symbol]                       0x20000008   Section        0  hid_iap_desc.o(.data.device_descriptor)
    g_string_lang_id                         0x2000001c   Data           4  hid_iap_desc.o(.data.g_string_lang_id)
    [Anonymous Symbol]                       0x2000001c   Section        0  hid_iap_desc.o(.data.g_string_lang_id)
    g_string_serial                          0x20000020   Data          26  hid_iap_desc.o(.data.g_string_serial)
    [Anonymous Symbol]                       0x20000020   Section        0  hid_iap_desc.o(.data.g_string_serial)
    g_usb_offset_addr                        0x2000003a   Data           2  at32f403a_407_usb.o(.data.g_usb_offset_addr)
    [Anonymous Symbol]                       0x2000003a   Section        0  at32f403a_407_usb.o(.data.g_usb_offset_addr)
    g_usbd_configuration                     0x20000040   Data          41  hid_iap_desc.o(.data.g_usbd_configuration)
    [Anonymous Symbol]                       0x20000040   Section        0  hid_iap_desc.o(.data.g_usbd_configuration)
    g_usbd_descriptor                        0x2000006c   Data          18  hid_iap_desc.o(.data.g_usbd_descriptor)
    [Anonymous Symbol]                       0x2000006c   Section        0  hid_iap_desc.o(.data.g_usbd_descriptor)
    langid_descriptor                        0x200000f0   Data           8  hid_iap_desc.o(.data.langid_descriptor)
    [Anonymous Symbol]                       0x200000f0   Section        0  hid_iap_desc.o(.data.langid_descriptor)
    serial_descriptor                        0x20000118   Data           8  hid_iap_desc.o(.data.serial_descriptor)
    [Anonymous Symbol]                       0x20000118   Section        0  hid_iap_desc.o(.data.serial_descriptor)
    .bss                                     0x20000128   Section       96  libspace.o(.bss)
    fac_ms                                   0x20000188   Data           4  at32f403a_407_board.o(.bss.fac_ms)
    [Anonymous Symbol]                       0x20000188   Section        0  at32f403a_407_board.o(.bss.fac_ms)
    fac_us                                   0x2000018c   Data           4  at32f403a_407_board.o(.bss.fac_us)
    [Anonymous Symbol]                       0x2000018c   Section        0  at32f403a_407_board.o(.bss.fac_us)
    g_usbd_desc_buffer                       0x20000190   Data         256  hid_iap_desc.o(.bss.g_usbd_desc_buffer)
    [Anonymous Symbol]                       0x20000190   Section        0  hid_iap_desc.o(.bss.g_usbd_desc_buffer)
    usbd_set_configuration.config_value      0x200009fc   Data           1  usbd_sdr.o(.bss.usbd_set_configuration.config_value)
    [Anonymous Symbol]                       0x200009fc   Section        0  usbd_sdr.o(.bss.usbd_set_configuration.config_value)
    vp_desc                                  0x20000a00   Data           8  hid_iap_desc.o(.bss.vp_desc)
    [Anonymous Symbol]                       0x20000a00   Section        0  hid_iap_desc.o(.bss.vp_desc)
    Heap_Mem                                 0x20000a08   Data         512  startup_at32f403a_407.o(HEAP)
    HEAP                                     0x20000a08   Section      512  startup_at32f403a_407.o(HEAP)
    Stack_Mem                                0x20000c08   Data        1024  startup_at32f403a_407.o(STACK)
    STACK                                    0x20000c08   Section     1024  startup_at32f403a_407.o(STACK)
    __initial_sp                             0x20001008   Data           0  startup_at32f403a_407.o(STACK)

    Global Symbols

    Symbol Name                              Value     Ov Type        Size  Object(Section)

    BuildAttributes$$THM_ISAv4$E$P$D$K$B$S$7EM$VFPi3$EXTD16$VFPS$VFMA$PE$A:L22UL41UL21$X:L11$S22US41US21$IEEE1$IW$~IW$USESV6$~STKCKD$USESV7$~SHL$OTIME$ROPI$EBA8$UX$STANDARDLIB$REQ8$PRES8$EABIv2 0x00000000   Number         0  anon$$obj.o ABSOLUTE
    __ARM_exceptions_init                     - Undefined Weak Reference
    __alloca_initialize                       - Undefined Weak Reference
    __arm_preinit_                            - Undefined Weak Reference
    __arm_relocate_pie_                       - Undefined Weak Reference
    __cpp_initialize__aeabi_                  - Undefined Weak Reference
    __cxa_finalize                            - Undefined Weak Reference
    __rt_locale                               - Undefined Weak Reference
    __sigvec_lookup                           - Undefined Weak Reference
    _atexit_init                              - Undefined Weak Reference
    _call_atexit_fns                          - Undefined Weak Reference
    _clock_init                               - Undefined Weak Reference
    _fp_trap_init                             - Undefined Weak Reference
    _fp_trap_shutdown                         - Undefined Weak Reference
    _get_lc_collate                           - Undefined Weak Reference
    _get_lc_ctype                             - Undefined Weak Reference
    _get_lc_monetary                          - Undefined Weak Reference
    _get_lc_numeric                           - Undefined Weak Reference
    _get_lc_time                              - Undefined Weak Reference
    _getenv_init                              - Undefined Weak Reference
    _handle_redirection                       - Undefined Weak Reference
    _init_alloc                               - Undefined Weak Reference
    _init_user_alloc                          - Undefined Weak Reference
    _initio                                   - Undefined Weak Reference
    _rand_init                                - Undefined Weak Reference
    _signal_finish                            - Undefined Weak Reference
    _signal_init                              - Undefined Weak Reference
    _terminate_alloc                          - Undefined Weak Reference
    _terminate_user_alloc                     - Undefined Weak Reference
    _terminateio                              - Undefined Weak Reference
    __Vectors_Size                           0x00000184   Number         0  startup_at32f403a_407.o ABSOLUTE
    __Vectors                                0x08000000   Data           4  startup_at32f403a_407.o(RESET)
    __Vectors_End                            0x08000184   Data           0  startup_at32f403a_407.o(RESET)
    __main                                   0x08000185   Thumb Code     8  __main.o(!!!main)
    __scatterload                            0x0800018d   Thumb Code     0  __scatter.o(!!!scatter)
    __scatterload_rt2                        0x0800018d   Thumb Code    44  __scatter.o(!!!scatter)
    __scatterload_rt2_thumb_only             0x0800018d   Thumb Code     0  __scatter.o(!!!scatter)
    __scatterload_null                       0x0800019b   Thumb Code     0  __scatter.o(!!!scatter)
    __scatterload_copy                       0x080001c1   Thumb Code    26  __scatter_copy.o(!!handler_copy)
    __scatterload_zeroinit                   0x080001dd   Thumb Code    28  __scatter_zi.o(!!handler_zi)
    __rt_lib_init                            0x080001f9   Thumb Code     0  libinit.o(.ARM.Collect$$libinit$$00000000)
    __rt_lib_init_fp_1                       0x080001fb   Thumb Code     0  libinit2.o(.ARM.Collect$$libinit$$00000001)
    __rt_lib_init_alloca_1                   0x080001ff   Thumb Code     0  libinit2.o(.ARM.Collect$$libinit$$00000030)
    __rt_lib_init_argv_1                     0x080001ff   Thumb Code     0  libinit2.o(.ARM.Collect$$libinit$$0000002E)
    __rt_lib_init_atexit_1                   0x080001ff   Thumb Code     0  libinit2.o(.ARM.Collect$$libinit$$0000001D)
    __rt_lib_init_clock_1                    0x080001ff   Thumb Code     0  libinit2.o(.ARM.Collect$$libinit$$00000023)
    __rt_lib_init_cpp_1                      0x080001ff   Thumb Code     0  libinit2.o(.ARM.Collect$$libinit$$00000034)
    __rt_lib_init_exceptions_1               0x080001ff   Thumb Code     0  libinit2.o(.ARM.Collect$$libinit$$00000032)
    __rt_lib_init_fp_trap_1                  0x080001ff   Thumb Code     0  libinit2.o(.ARM.Collect$$libinit$$00000021)
    __rt_lib_init_getenv_1                   0x080001ff   Thumb Code     0  libinit2.o(.ARM.Collect$$libinit$$00000025)
    __rt_lib_init_heap_1                     0x080001ff   Thumb Code     0  libinit2.o(.ARM.Collect$$libinit$$0000000C)
    __rt_lib_init_lc_collate_1               0x080001ff   Thumb Code     0  libinit2.o(.ARM.Collect$$libinit$$00000013)
    __rt_lib_init_lc_ctype_1                 0x080001ff   Thumb Code     0  libinit2.o(.ARM.Collect$$libinit$$00000015)
    __rt_lib_init_lc_monetary_1              0x080001ff   Thumb Code     0  libinit2.o(.ARM.Collect$$libinit$$00000017)
    __rt_lib_init_lc_numeric_1               0x080001ff   Thumb Code     0  libinit2.o(.ARM.Collect$$libinit$$00000019)
    __rt_lib_init_lc_time_1                  0x080001ff   Thumb Code     0  libinit2.o(.ARM.Collect$$libinit$$0000001B)
    __rt_lib_init_preinit_1                  0x080001ff   Thumb Code     0  libinit2.o(.ARM.Collect$$libinit$$00000006)
    __rt_lib_init_rand_1                     0x080001ff   Thumb Code     0  libinit2.o(.ARM.Collect$$libinit$$00000010)
    __rt_lib_init_relocate_pie_1             0x080001ff   Thumb Code     0  libinit2.o(.ARM.Collect$$libinit$$00000004)
    __rt_lib_init_return                     0x080001ff   Thumb Code     0  libinit2.o(.ARM.Collect$$libinit$$00000035)
    __rt_lib_init_signal_1                   0x080001ff   Thumb Code     0  libinit2.o(.ARM.Collect$$libinit$$0000001F)
    __rt_lib_init_stdio_1                    0x080001ff   Thumb Code     0  libinit2.o(.ARM.Collect$$libinit$$00000027)
    __rt_lib_init_user_alloc_1               0x080001ff   Thumb Code     0  libinit2.o(.ARM.Collect$$libinit$$0000000E)
    __rt_lib_shutdown                        0x08000201   Thumb Code     0  libshutdown.o(.ARM.Collect$$libshutdown$$00000000)
    __rt_lib_shutdown_cpp_1                  0x08000203   Thumb Code     0  libshutdown2.o(.ARM.Collect$$libshutdown$$00000002)
    __rt_lib_shutdown_fp_trap_1              0x08000203   Thumb Code     0  libshutdown2.o(.ARM.Collect$$libshutdown$$00000007)
    __rt_lib_shutdown_heap_1                 0x08000203   Thumb Code     0  libshutdown2.o(.ARM.Collect$$libshutdown$$0000000F)
    __rt_lib_shutdown_return                 0x08000203   Thumb Code     0  libshutdown2.o(.ARM.Collect$$libshutdown$$00000010)
    __rt_lib_shutdown_signal_1               0x08000203   Thumb Code     0  libshutdown2.o(.ARM.Collect$$libshutdown$$0000000A)
    __rt_lib_shutdown_stdio_1                0x08000203   Thumb Code     0  libshutdown2.o(.ARM.Collect$$libshutdown$$00000004)
    __rt_lib_shutdown_user_alloc_1           0x08000203   Thumb Code     0  libshutdown2.o(.ARM.Collect$$libshutdown$$0000000C)
    __rt_entry                               0x08000205   Thumb Code     0  __rtentry.o(.ARM.Collect$$rtentry$$00000000)
    __rt_entry_presh_1                       0x08000205   Thumb Code     0  __rtentry2.o(.ARM.Collect$$rtentry$$00000002)
    __rt_entry_sh                            0x08000205   Thumb Code     0  __rtentry4.o(.ARM.Collect$$rtentry$$00000004)
    __rt_entry_li                            0x0800020b   Thumb Code     0  __rtentry2.o(.ARM.Collect$$rtentry$$0000000A)
    __rt_entry_postsh_1                      0x0800020b   Thumb Code     0  __rtentry2.o(.ARM.Collect$$rtentry$$00000009)
    __rt_entry_main                          0x0800020f   Thumb Code     0  __rtentry2.o(.ARM.Collect$$rtentry$$0000000D)
    __rt_entry_postli_1                      0x0800020f   Thumb Code     0  __rtentry2.o(.ARM.Collect$$rtentry$$0000000C)
    __rt_exit                                0x08000217   Thumb Code     0  rtexit.o(.ARM.Collect$$rtexit$$00000000)
    __rt_exit_ls                             0x08000219   Thumb Code     0  rtexit2.o(.ARM.Collect$$rtexit$$00000003)
    __rt_exit_prels_1                        0x08000219   Thumb Code     0  rtexit2.o(.ARM.Collect$$rtexit$$00000002)
    __rt_exit_exit                           0x0800021d   Thumb Code     0  rtexit2.o(.ARM.Collect$$rtexit$$00000004)
    Reset_Handler                            0x08000225   Thumb Code     8  startup_at32f403a_407.o(.text)
    ACC_IRQHandler                           0x0800023f   Thumb Code     0  startup_at32f403a_407.o(.text)
    ADC1_2_IRQHandler                        0x0800023f   Thumb Code     0  startup_at32f403a_407.o(.text)
    ADC3_IRQHandler                          0x0800023f   Thumb Code     0  startup_at32f403a_407.o(.text)
    CAN1_RX1_IRQHandler                      0x0800023f   Thumb Code     0  startup_at32f403a_407.o(.text)
    CAN1_SE_IRQHandler                       0x0800023f   Thumb Code     0  startup_at32f403a_407.o(.text)
    CAN2_RX0_IRQHandler                      0x0800023f   Thumb Code     0  startup_at32f403a_407.o(.text)
    CAN2_RX1_IRQHandler                      0x0800023f   Thumb Code     0  startup_at32f403a_407.o(.text)
    CAN2_SE_IRQHandler                       0x0800023f   Thumb Code     0  startup_at32f403a_407.o(.text)
    CAN2_TX_IRQHandler                       0x0800023f   Thumb Code     0  startup_at32f403a_407.o(.text)
    CRM_IRQHandler                           0x0800023f   Thumb Code     0  startup_at32f403a_407.o(.text)
    DMA1_Channel1_IRQHandler                 0x0800023f   Thumb Code     0  startup_at32f403a_407.o(.text)
    DMA1_Channel2_IRQHandler                 0x0800023f   Thumb Code     0  startup_at32f403a_407.o(.text)
    DMA1_Channel3_IRQHandler                 0x0800023f   Thumb Code     0  startup_at32f403a_407.o(.text)
    DMA1_Channel4_IRQHandler                 0x0800023f   Thumb Code     0  startup_at32f403a_407.o(.text)
    DMA1_Channel5_IRQHandler                 0x0800023f   Thumb Code     0  startup_at32f403a_407.o(.text)
    DMA1_Channel6_IRQHandler                 0x0800023f   Thumb Code     0  startup_at32f403a_407.o(.text)
    DMA1_Channel7_IRQHandler                 0x0800023f   Thumb Code     0  startup_at32f403a_407.o(.text)
    DMA2_Channel1_IRQHandler                 0x0800023f   Thumb Code     0  startup_at32f403a_407.o(.text)
    DMA2_Channel2_IRQHandler                 0x0800023f   Thumb Code     0  startup_at32f403a_407.o(.text)
    DMA2_Channel3_IRQHandler                 0x0800023f   Thumb Code     0  startup_at32f403a_407.o(.text)
    DMA2_Channel4_5_IRQHandler               0x0800023f   Thumb Code     0  startup_at32f403a_407.o(.text)
    DMA2_Channel6_7_IRQHandler               0x0800023f   Thumb Code     0  startup_at32f403a_407.o(.text)
    EMAC_IRQHandler                          0x0800023f   Thumb Code     0  startup_at32f403a_407.o(.text)
    EMAC_WKUP_IRQHandler                     0x0800023f   Thumb Code     0  startup_at32f403a_407.o(.text)
    EXINT0_IRQHandler                        0x0800023f   Thumb Code     0  startup_at32f403a_407.o(.text)
    EXINT15_10_IRQHandler                    0x0800023f   Thumb Code     0  startup_at32f403a_407.o(.text)
    EXINT1_IRQHandler                        0x0800023f   Thumb Code     0  startup_at32f403a_407.o(.text)
    EXINT2_IRQHandler                        0x0800023f   Thumb Code     0  startup_at32f403a_407.o(.text)
    EXINT3_IRQHandler                        0x0800023f   Thumb Code     0  startup_at32f403a_407.o(.text)
    EXINT4_IRQHandler                        0x0800023f   Thumb Code     0  startup_at32f403a_407.o(.text)
    EXINT9_5_IRQHandler                      0x0800023f   Thumb Code     0  startup_at32f403a_407.o(.text)
    FLASH_IRQHandler                         0x0800023f   Thumb Code     0  startup_at32f403a_407.o(.text)
    I2C1_ERR_IRQHandler                      0x0800023f   Thumb Code     0  startup_at32f403a_407.o(.text)
    I2C1_EVT_IRQHandler                      0x0800023f   Thumb Code     0  startup_at32f403a_407.o(.text)
    I2C2_ERR_IRQHandler                      0x0800023f   Thumb Code     0  startup_at32f403a_407.o(.text)
    I2C2_EVT_IRQHandler                      0x0800023f   Thumb Code     0  startup_at32f403a_407.o(.text)
    I2C3_ERR_IRQHandler                      0x0800023f   Thumb Code     0  startup_at32f403a_407.o(.text)
    I2C3_EVT_IRQHandler                      0x0800023f   Thumb Code     0  startup_at32f403a_407.o(.text)
    PVM_IRQHandler                           0x0800023f   Thumb Code     0  startup_at32f403a_407.o(.text)
    RTCAlarm_IRQHandler                      0x0800023f   Thumb Code     0  startup_at32f403a_407.o(.text)
    RTC_IRQHandler                           0x0800023f   Thumb Code     0  startup_at32f403a_407.o(.text)
    SDIO1_IRQHandler                         0x0800023f   Thumb Code     0  startup_at32f403a_407.o(.text)
    SDIO2_IRQHandler                         0x0800023f   Thumb Code     0  startup_at32f403a_407.o(.text)
    SPI1_IRQHandler                          0x0800023f   Thumb Code     0  startup_at32f403a_407.o(.text)
    SPI2_I2S2EXT_IRQHandler                  0x0800023f   Thumb Code     0  startup_at32f403a_407.o(.text)
    SPI3_I2S3EXT_IRQHandler                  0x0800023f   Thumb Code     0  startup_at32f403a_407.o(.text)
    SPI4_IRQHandler                          0x0800023f   Thumb Code     0  startup_at32f403a_407.o(.text)
    TAMPER_IRQHandler                        0x0800023f   Thumb Code     0  startup_at32f403a_407.o(.text)
    TMR1_BRK_TMR9_IRQHandler                 0x0800023f   Thumb Code     0  startup_at32f403a_407.o(.text)
    TMR1_CH_IRQHandler                       0x0800023f   Thumb Code     0  startup_at32f403a_407.o(.text)
    TMR1_OVF_TMR10_IRQHandler                0x0800023f   Thumb Code     0  startup_at32f403a_407.o(.text)
    TMR1_TRG_HALL_TMR11_IRQHandler           0x0800023f   Thumb Code     0  startup_at32f403a_407.o(.text)
    TMR2_GLOBAL_IRQHandler                   0x0800023f   Thumb Code     0  startup_at32f403a_407.o(.text)
    TMR3_GLOBAL_IRQHandler                   0x0800023f   Thumb Code     0  startup_at32f403a_407.o(.text)
    TMR4_GLOBAL_IRQHandler                   0x0800023f   Thumb Code     0  startup_at32f403a_407.o(.text)
    TMR5_GLOBAL_IRQHandler                   0x0800023f   Thumb Code     0  startup_at32f403a_407.o(.text)
    TMR6_GLOBAL_IRQHandler                   0x0800023f   Thumb Code     0  startup_at32f403a_407.o(.text)
    TMR7_GLOBAL_IRQHandler                   0x0800023f   Thumb Code     0  startup_at32f403a_407.o(.text)
    TMR8_BRK_TMR12_IRQHandler                0x0800023f   Thumb Code     0  startup_at32f403a_407.o(.text)
    TMR8_CH_IRQHandler                       0x0800023f   Thumb Code     0  startup_at32f403a_407.o(.text)
    TMR8_OVF_TMR13_IRQHandler                0x0800023f   Thumb Code     0  startup_at32f403a_407.o(.text)
    TMR8_TRG_HALL_TMR14_IRQHandler           0x0800023f   Thumb Code     0  startup_at32f403a_407.o(.text)
    UART4_IRQHandler                         0x0800023f   Thumb Code     0  startup_at32f403a_407.o(.text)
    UART5_IRQHandler                         0x0800023f   Thumb Code     0  startup_at32f403a_407.o(.text)
    UART7_IRQHandler                         0x0800023f   Thumb Code     0  startup_at32f403a_407.o(.text)
    UART8_IRQHandler                         0x0800023f   Thumb Code     0  startup_at32f403a_407.o(.text)
    USART1_IRQHandler                        0x0800023f   Thumb Code     0  startup_at32f403a_407.o(.text)
    USART2_IRQHandler                        0x0800023f   Thumb Code     0  startup_at32f403a_407.o(.text)
    USART3_IRQHandler                        0x0800023f   Thumb Code     0  startup_at32f403a_407.o(.text)
    USART6_IRQHandler                        0x0800023f   Thumb Code     0  startup_at32f403a_407.o(.text)
    USBFSWakeUp_IRQHandler                   0x0800023f   Thumb Code     0  startup_at32f403a_407.o(.text)
    USBFS_H_CAN1_TX_IRQHandler               0x0800023f   Thumb Code     0  startup_at32f403a_407.o(.text)
    USBFS_MAPH_IRQHandler                    0x0800023f   Thumb Code     0  startup_at32f403a_407.o(.text)
    USBFS_MAPL_IRQHandler                    0x0800023f   Thumb Code     0  startup_at32f403a_407.o(.text)
    WWDT_IRQHandler                          0x0800023f   Thumb Code     0  startup_at32f403a_407.o(.text)
    XMC_IRQHandler                           0x0800023f   Thumb Code     0  startup_at32f403a_407.o(.text)
    __user_initial_stackheap                 0x08000241   Thumb Code     0  startup_at32f403a_407.o(.text)
    __use_no_semihosting                     0x08000265   Thumb Code     2  use_no_semi_2.o(.text)
    __use_two_region_memory                  0x08000267   Thumb Code     2  heapauxi.o(.text)
    __rt_heap_escrow$2region                 0x08000269   Thumb Code     2  heapauxi.o(.text)
    __rt_heap_expand$2region                 0x0800026b   Thumb Code     2  heapauxi.o(.text)
    __I$use$semihosting                      0x0800026d   Thumb Code     0  use_no_semi.o(.text)
    __use_no_semihosting_swi                 0x0800026d   Thumb Code     2  use_no_semi.o(.text)
    __user_setup_stackheap                   0x0800026f   Thumb Code    74  sys_stackheap_outer.o(.text)
    exit                                     0x080002b9   Thumb Code    18  exit.o(.text)
    __user_libspace                          0x080002cd   Thumb Code     8  libspace.o(.text)
    __user_perproc_libspace                  0x080002cd   Thumb Code     0  libspace.o(.text)
    __user_perthread_libspace                0x080002cd   Thumb Code     0  libspace.o(.text)
    BusFault_Handler                         0x080002d5   Thumb Code     2  at32f403a_407_int.o(.text.BusFault_Handler)
    DebugMon_Handler                         0x080002d9   Thumb Code     2  at32f403a_407_int.o(.text.DebugMon_Handler)
    HardFault_Handler                        0x080002dd   Thumb Code     2  at32f403a_407_int.o(.text.HardFault_Handler)
    MemManage_Handler                        0x080002e1   Thumb Code     2  at32f403a_407_int.o(.text.MemManage_Handler)
    NMI_Handler                              0x080002e5   Thumb Code     2  at32f403a_407_int.o(.text.NMI_Handler)
    PendSV_Handler                           0x080002e9   Thumb Code     2  at32f403a_407_int.o(.text.PendSV_Handler)
    SVC_Handler                              0x080002ed   Thumb Code     2  at32f403a_407_int.o(.text.SVC_Handler)
    SysTick_Handler                          0x080002f1   Thumb Code     2  at32f403a_407_int.o(.text.SysTick_Handler)
    SystemInit                               0x080002f5   Thumb Code    92  system_at32f403a_407.o(.text.SystemInit)
    USBFS_L_CAN1_RX0_IRQHandler              0x08000351   Thumb Code    12  main.o(.text.USBFS_L_CAN1_RX0_IRQHandler)
    UsageFault_Handler                       0x0800035d   Thumb Code     2  at32f403a_407_int.o(.text.UsageFault_Handler)
    _sys_exit                                0x08000361   Thumb Code     2  at32f403a_407_board.o(.text._sys_exit)
    acc_calibration_mode_enable              0x08000365   Thumb Code    32  at32f403a_407_acc.o(.text.acc_calibration_mode_enable)
    acc_write_c1                             0x08000385   Thumb Code    12  at32f403a_407_acc.o(.text.acc_write_c1)
    acc_write_c2                             0x08000391   Thumb Code    12  at32f403a_407_acc.o(.text.acc_write_c2)
    acc_write_c3                             0x0800039d   Thumb Code    12  at32f403a_407_acc.o(.text.acc_write_c3)
    at32_board_init                          0x080003a9   Thumb Code   276  at32f403a_407_board.o(.text.at32_board_init)
    crc_data_get                             0x08000639   Thumb Code    12  at32f403a_407_crc.o(.text.crc_data_get)
    crc_data_reset                           0x08000645   Thumb Code    18  at32f403a_407_crc.o(.text.crc_data_reset)
    crc_one_word_calculate                   0x08000659   Thumb Code    14  at32f403a_407_crc.o(.text.crc_one_word_calculate)
    crm_ahb_div_set                          0x08000669   Thumb Code    26  at32f403a_407_crm.o(.text.crm_ahb_div_set)
    crm_apb1_div_set                         0x08000685   Thumb Code    26  at32f403a_407_crm.o(.text.crm_apb1_div_set)
    crm_apb2_div_set                         0x080006a1   Thumb Code    26  at32f403a_407_crm.o(.text.crm_apb2_div_set)
    crm_auto_step_mode_enable                0x080006bd   Thumb Code    24  at32f403a_407_crm.o(.text.crm_auto_step_mode_enable)
    crm_clock_source_enable                  0x080006d5   Thumb Code   122  at32f403a_407_crm.o(.text.crm_clock_source_enable)
    crm_flag_get                             0x08000751   Thumb Code    26  at32f403a_407_crm.o(.text.crm_flag_get)
    crm_hext_clock_div_set                   0x0800076d   Thumb Code    26  at32f403a_407_crm.o(.text.crm_hext_clock_div_set)
    crm_hext_stable_wait                     0x08000789   Thumb Code    36  at32f403a_407_crm.o(.text.crm_hext_stable_wait)
    crm_periph_clock_enable                  0x080007ad   Thumb Code    40  at32f403a_407_crm.o(.text.crm_periph_clock_enable)
    crm_periph_reset                         0x080007d5   Thumb Code    40  at32f403a_407_crm.o(.text.crm_periph_reset)
    crm_pll_config                           0x080007fd   Thumb Code   110  at32f403a_407_crm.o(.text.crm_pll_config)
    crm_reset                                0x0800086d   Thumb Code    68  at32f403a_407_crm.o(.text.crm_reset)
    crm_sysclk_switch                        0x080008b1   Thumb Code    18  at32f403a_407_crm.o(.text.crm_sysclk_switch)
    crm_sysclk_switch_status_get             0x080008c5   Thumb Code    16  at32f403a_407_crm.o(.text.crm_sysclk_switch_status_get)
    crm_usb_clock_div_set                    0x080008d5   Thumb Code    28  at32f403a_407_crm.o(.text.crm_usb_clock_div_set)
    crm_usb_clock_source_select              0x080008f1   Thumb Code    50  at32f403a_407_crm.o(.text.crm_usb_clock_source_select)
    delay_ms                                 0x08000925   Thumb Code    98  at32f403a_407_board.o(.text.delay_ms)
    flash_lock                               0x08000989   Thumb Code    26  at32f403a_407_flash.o(.text.flash_lock)
    flash_sector_erase                       0x080009a5   Thumb Code   484  at32f403a_407_flash.o(.text.flash_sector_erase)
    flash_unlock                             0x08000b89   Thumb Code    34  at32f403a_407_flash.o(.text.flash_unlock)
    flash_word_program                       0x08000bad   Thumb Code   456  at32f403a_407_flash.o(.text.flash_word_program)
    gpio_default_para_init                   0x08000f61   Thumb Code    18  at32f403a_407_gpio.o(.text.gpio_default_para_init)
    gpio_init                                0x08000f75   Thumb Code   190  at32f403a_407_gpio.o(.text.gpio_init)
    iap_address                              0x08001035   Thumb Code   154  hid_iap_user.o(.text.iap_address)
    iap_crc                                  0x080010d1   Thumb Code   134  hid_iap_user.o(.text.iap_crc)
    iap_data_write                           0x08001159   Thumb Code   166  hid_iap_user.o(.text.iap_data_write)
    iap_get_upgrade_flag                     0x08001201   Thumb Code    32  hid_iap_user.o(.text.iap_get_upgrade_flag)
    iap_init                                 0x08001221   Thumb Code   102  hid_iap_user.o(.text.iap_init)
    iap_loop                                 0x08001289   Thumb Code   122  hid_iap_user.o(.text.iap_loop)
    jump_to_app                              0x08001305   Thumb Code    94  hid_iap_user.o(.text.jump_to_app)
    main                                     0x08001365   Thumb Code   122  main.o(.text.main)
    nvic_irq_disable                         0x080013e1   Thumb Code    40  at32f403a_407_misc.o(.text.nvic_irq_disable)
    nvic_irq_enable                          0x08001409   Thumb Code   116  at32f403a_407_misc.o(.text.nvic_irq_enable)
    nvic_priority_group_config               0x0800147d   Thumb Code    32  at32f403a_407_misc.o(.text.nvic_priority_group_config)
    system_clock_config                      0x0800149d   Thumb Code   110  at32f403a_407_clock.o(.text.system_clock_config)
    system_core_clock_update                 0x0800150d   Thumb Code   164  system_at32f403a_407.o(.text.system_core_clock_update)
    systick_clock_source_config              0x080015c1   Thumb Code    24  at32f403a_407_misc.o(.text.systick_clock_source_config)
    usb_buffer_free                          0x080015d9   Thumb Code    14  at32f403a_407_usb.o(.text.usb_buffer_free)
    usb_buffer_malloc                        0x080015e9   Thumb Code    18  at32f403a_407_usb.o(.text.usb_buffer_malloc)
    usb_clock48m_select                      0x080015fd   Thumb Code   250  main.o(.text.usb_clock48m_select)
    usb_connect                              0x080016f9   Thumb Code    18  at32f403a_407_usb.o(.text.usb_connect)
    usb_dev_init                             0x0800170d   Thumb Code    28  at32f403a_407_usb.o(.text.usb_dev_init)
    usb_enter_suspend                        0x08001729   Thumb Code    18  at32f403a_407_usb.o(.text.usb_enter_suspend)
    usb_ept_close                            0x0800173d   Thumb Code   218  at32f403a_407_usb.o(.text.usb_ept_close)
    usb_ept_open                             0x08001819   Thumb Code   802  at32f403a_407_usb.o(.text.usb_ept_open)
    usb_exit_suspend                         0x08001b3d   Thumb Code    18  at32f403a_407_usb.o(.text.usb_exit_suspend)
    usb_flag_clear                           0x08001b51   Thumb Code     6  at32f403a_407_usb.o(.text.usb_flag_clear)
    usb_iap_class_send_report                0x08001b59   Thumb Code    32  hid_iap_class.o(.text.usb_iap_class_send_report)
    usb_read_packet                          0x08001b79   Thumb Code    54  at32f403a_407_usb.o(.text.usb_read_packet)
    usb_set_address                          0x08001bb1   Thumb Code    18  at32f403a_407_usb.o(.text.usb_set_address)
    usb_write_packet                         0x08001bc5   Thumb Code    54  at32f403a_407_usb.o(.text.usb_write_packet)
    usbd_clear_stall                         0x08001bfd   Thumb Code    76  usbd_core.o(.text.usbd_clear_stall)
    usbd_connect                             0x08001c49   Thumb Code     6  usbd_core.o(.text.usbd_connect)
    usbd_connect_state_get                   0x08001c51   Thumb Code     6  usbd_core.o(.text.usbd_connect_state_get)
    usbd_core_in_handler                     0x08001c59   Thumb Code   234  usbd_core.o(.text.usbd_core_in_handler)
    usbd_core_init                           0x08001d45   Thumb Code   120  usbd_core.o(.text.usbd_core_init)
    usbd_core_out_handler                    0x08001dbd   Thumb Code   154  usbd_core.o(.text.usbd_core_out_handler)
    usbd_core_setup_handler                  0x08001e59   Thumb Code    82  usbd_core.o(.text.usbd_core_setup_handler)
    usbd_ctrl_recv                           0x08001ead   Thumb Code    62  usbd_core.o(.text.usbd_ctrl_recv)
    usbd_ctrl_send                           0x08001eed   Thumb Code    22  usbd_core.o(.text.usbd_ctrl_send)
    usbd_ctrl_send_status                    0x08001f05   Thumb Code    18  usbd_core.o(.text.usbd_ctrl_send_status)
    usbd_ctrl_unsupport                      0x08001f19   Thumb Code    70  usbd_core.o(.text.usbd_ctrl_unsupport)
    usbd_device_request                      0x08001f61   Thumb Code   574  usbd_sdr.o(.text.usbd_device_request)
    usbd_endpoint_request                    0x080021a1   Thumb Code   284  usbd_sdr.o(.text.usbd_endpoint_request)
    usbd_enter_suspend                       0x080022bd   Thumb Code     6  usbd_core.o(.text.usbd_enter_suspend)
    usbd_ept_buf_auto_define                 0x080022c5   Thumb Code    76  usbd_core.o(.text.usbd_ept_buf_auto_define)
    usbd_ept_close                           0x08002311   Thumb Code    28  usbd_core.o(.text.usbd_ept_close)
    usbd_ept_defaut_init                     0x0800232d   Thumb Code   100  usbd_core.o(.text.usbd_ept_defaut_init)
    usbd_ept_open                            0x08002391   Thumb Code    66  usbd_core.o(.text.usbd_ept_open)
    usbd_ept_recv                            0x080023d5   Thumb Code    62  usbd_core.o(.text.usbd_ept_recv)
    usbd_ept_send                            0x08002415   Thumb Code   174  usbd_core.o(.text.usbd_ept_send)
    usbd_eptn_handler                        0x080024c5   Thumb Code   440  usbd_int.o(.text.usbd_eptn_handler)
    usbd_get_recv_len                        0x0800267d   Thumb Code    14  usbd_core.o(.text.usbd_get_recv_len)
    usbd_hid_iap_in_complete                 0x0800268d   Thumb Code    24  hid_iap_user.o(.text.usbd_hid_iap_in_complete)
    usbd_hid_iap_process                     0x080026a5   Thumb Code   426  hid_iap_user.o(.text.usbd_hid_iap_process)
    usbd_interface_request                   0x08002851   Thumb Code    66  usbd_sdr.o(.text.usbd_interface_request)
    usbd_irq_handler                         0x08002895   Thumb Code   268  usbd_int.o(.text.usbd_irq_handler)
    usbd_set_stall                           0x080029a1   Thumb Code    76  usbd_core.o(.text.usbd_set_stall)
    usbd_setup_request_parse                 0x080029ed   Thumb Code    22  usbd_sdr.o(.text.usbd_setup_request_parse)
    _fp_init                                 0x08002a03   Thumb Code    26  fpinit.o(x$fpl$fpinit)
    __fplib_config_fpu_vfp                   0x08002a1b   Thumb Code     0  fpinit.o(x$fpl$fpinit)
    __fplib_config_pureend_doubles           0x08002a1b   Thumb Code     0  fpinit.o(x$fpl$fpinit)
    Region$$Table$$Base                      0x08002a4c   Number         0  anon$$obj.o(Region$$Table)
    Region$$Table$$Limit                     0x08002a6c   Number         0  anon$$obj.o(Region$$Table)
    g_hidiap_usb_desc                        0x20000010   Data           9  hid_iap_desc.o(.data.g_hidiap_usb_desc)
    g_usb_packet_address                     0x2000003c   Data           4  at32f403a_407_usb.o(.data.g_usb_packet_address)
    g_usbd_hidiap_report                     0x20000080   Data          32  hid_iap_desc.o(.data.g_usbd_hidiap_report)
    hid_iap_class_handler                    0x200000a0   Data          40  hid_iap_class.o(.data.hid_iap_class_handler)
    hid_iap_desc_handler                     0x200000c8   Data          40  hid_iap_desc.o(.data.hid_iap_desc_handler)
    led_gpio_crm_clk                         0x200000f8   Data          12  at32f403a_407_board.o(.data.led_gpio_crm_clk)
    led_gpio_pin                             0x20000104   Data           6  at32f403a_407_board.o(.data.led_gpio_pin)
    led_gpio_port                            0x2000010c   Data          12  at32f403a_407_board.o(.data.led_gpio_port)
    system_core_clock                        0x20000120   Data           4  system_at32f403a_407.o(.data.system_core_clock)
    __libspace_start                         0x20000128   Data          96  libspace.o(.bss)
    __temporary_stack_top$libspace           0x20000188   Data           0  libspace.o(.bss)
    iap_info                                 0x20000290   Data        1340  hid_iap_class.o(.bss.iap_info)
    pftarget                                 0x200007cc   Data           4  hid_iap_user.o(.bss.pftarget)
    usb_core_dev                             0x200007d0   Data         556  main.o(.bss.usb_core_dev)



==============================================================================

Memory Map of the image

  Image Entry point : 0x08000185

  Load Region LR_IROM1 (Base: 0x08000000, Size: 0x00002b98, Max: 0x00004000, ABSOLUTE)

    Execution Region ER_IROM1 (Exec base: 0x08000000, Load base: 0x08000000, Size: 0x00002a6c, Max: 0x00004000, ABSOLUTE)

    Exec Addr    Load Addr    Size         Type   Attr      Idx    E Section Name        Object

    0x08000000   0x08000000   0x00000184   Data   RO          594    RESET               startup_at32f403a_407.o
    0x08000184   0x08000184   0x00000008   Code   RO          778  * !!!main             c_w.l(__main.o)
    0x0800018c   0x0800018c   0x00000034   Code   RO          935    !!!scatter          c_w.l(__scatter.o)
    0x080001c0   0x080001c0   0x0000001a   Code   RO          937    !!handler_copy      c_w.l(__scatter_copy.o)
    0x080001da   0x080001da   0x00000002   PAD
    0x080001dc   0x080001dc   0x0000001c   Code   RO          939    !!handler_zi        c_w.l(__scatter_zi.o)
    0x080001f8   0x080001f8   0x00000002   Code   RO          807    .ARM.Collect$$libinit$$00000000  c_w.l(libinit.o)
    0x080001fa   0x080001fa   0x00000004   Code   RO          813    .ARM.Collect$$libinit$$00000001  c_w.l(libinit2.o)
    0x080001fe   0x080001fe   0x00000000   Code   RO          816    .ARM.Collect$$libinit$$00000004  c_w.l(libinit2.o)
    0x080001fe   0x080001fe   0x00000000   Code   RO          818    .ARM.Collect$$libinit$$00000006  c_w.l(libinit2.o)
    0x080001fe   0x080001fe   0x00000000   Code   RO          821    .ARM.Collect$$libinit$$0000000C  c_w.l(libinit2.o)
    0x080001fe   0x080001fe   0x00000000   Code   RO          823    .ARM.Collect$$libinit$$0000000E  c_w.l(libinit2.o)
    0x080001fe   0x080001fe   0x00000000   Code   RO          825    .ARM.Collect$$libinit$$00000010  c_w.l(libinit2.o)
    0x080001fe   0x080001fe   0x00000000   Code   RO          828    .ARM.Collect$$libinit$$00000013  c_w.l(libinit2.o)
    0x080001fe   0x080001fe   0x00000000   Code   RO          830    .ARM.Collect$$libinit$$00000015  c_w.l(libinit2.o)
    0x080001fe   0x080001fe   0x00000000   Code   RO          832    .ARM.Collect$$libinit$$00000017  c_w.l(libinit2.o)
    0x080001fe   0x080001fe   0x00000000   Code   RO          834    .ARM.Collect$$libinit$$00000019  c_w.l(libinit2.o)
    0x080001fe   0x080001fe   0x00000000   Code   RO          836    .ARM.Collect$$libinit$$0000001B  c_w.l(libinit2.o)
    0x080001fe   0x080001fe   0x00000000   Code   RO          838    .ARM.Collect$$libinit$$0000001D  c_w.l(libinit2.o)
    0x080001fe   0x080001fe   0x00000000   Code   RO          840    .ARM.Collect$$libinit$$0000001F  c_w.l(libinit2.o)
    0x080001fe   0x080001fe   0x00000000   Code   RO          842    .ARM.Collect$$libinit$$00000021  c_w.l(libinit2.o)
    0x080001fe   0x080001fe   0x00000000   Code   RO          844    .ARM.Collect$$libinit$$00000023  c_w.l(libinit2.o)
    0x080001fe   0x080001fe   0x00000000   Code   RO          846    .ARM.Collect$$libinit$$00000025  c_w.l(libinit2.o)
    0x080001fe   0x080001fe   0x00000000   Code   RO          848    .ARM.Collect$$libinit$$00000027  c_w.l(libinit2.o)
    0x080001fe   0x080001fe   0x00000000   Code   RO          852    .ARM.Collect$$libinit$$0000002E  c_w.l(libinit2.o)
    0x080001fe   0x080001fe   0x00000000   Code   RO          854    .ARM.Collect$$libinit$$00000030  c_w.l(libinit2.o)
    0x080001fe   0x080001fe   0x00000000   Code   RO          856    .ARM.Collect$$libinit$$00000032  c_w.l(libinit2.o)
    0x080001fe   0x080001fe   0x00000000   Code   RO          858    .ARM.Collect$$libinit$$00000034  c_w.l(libinit2.o)
    0x080001fe   0x080001fe   0x00000002   Code   RO          859    .ARM.Collect$$libinit$$00000035  c_w.l(libinit2.o)
    0x08000200   0x08000200   0x00000002   Code   RO          877    .ARM.Collect$$libshutdown$$00000000  c_w.l(libshutdown.o)
    0x08000202   0x08000202   0x00000000   Code   RO          889    .ARM.Collect$$libshutdown$$00000002  c_w.l(libshutdown2.o)
    0x08000202   0x08000202   0x00000000   Code   RO          891    .ARM.Collect$$libshutdown$$00000004  c_w.l(libshutdown2.o)
    0x08000202   0x08000202   0x00000000   Code   RO          894    .ARM.Collect$$libshutdown$$00000007  c_w.l(libshutdown2.o)
    0x08000202   0x08000202   0x00000000   Code   RO          897    .ARM.Collect$$libshutdown$$0000000A  c_w.l(libshutdown2.o)
    0x08000202   0x08000202   0x00000000   Code   RO          899    .ARM.Collect$$libshutdown$$0000000C  c_w.l(libshutdown2.o)
    0x08000202   0x08000202   0x00000000   Code   RO          902    .ARM.Collect$$libshutdown$$0000000F  c_w.l(libshutdown2.o)
    0x08000202   0x08000202   0x00000002   Code   RO          903    .ARM.Collect$$libshutdown$$00000010  c_w.l(libshutdown2.o)
    0x08000204   0x08000204   0x00000000   Code   RO          782    .ARM.Collect$$rtentry$$00000000  c_w.l(__rtentry.o)
    0x08000204   0x08000204   0x00000000   Code   RO          784    .ARM.Collect$$rtentry$$00000002  c_w.l(__rtentry2.o)
    0x08000204   0x08000204   0x00000006   Code   RO          796    .ARM.Collect$$rtentry$$00000004  c_w.l(__rtentry4.o)
    0x0800020a   0x0800020a   0x00000000   Code   RO          786    .ARM.Collect$$rtentry$$00000009  c_w.l(__rtentry2.o)
    0x0800020a   0x0800020a   0x00000004   Code   RO          787    .ARM.Collect$$rtentry$$0000000A  c_w.l(__rtentry2.o)
    0x0800020e   0x0800020e   0x00000000   Code   RO          789    .ARM.Collect$$rtentry$$0000000C  c_w.l(__rtentry2.o)
    0x0800020e   0x0800020e   0x00000008   Code   RO          790    .ARM.Collect$$rtentry$$0000000D  c_w.l(__rtentry2.o)
    0x08000216   0x08000216   0x00000002   Code   RO          811    .ARM.Collect$$rtexit$$00000000  c_w.l(rtexit.o)
    0x08000218   0x08000218   0x00000000   Code   RO          861    .ARM.Collect$$rtexit$$00000002  c_w.l(rtexit2.o)
    0x08000218   0x08000218   0x00000004   Code   RO          862    .ARM.Collect$$rtexit$$00000003  c_w.l(rtexit2.o)
    0x0800021c   0x0800021c   0x00000006   Code   RO          863    .ARM.Collect$$rtexit$$00000004  c_w.l(rtexit2.o)
    0x08000222   0x08000222   0x00000002   PAD
    0x08000224   0x08000224   0x00000040   Code   RO          595    .text               startup_at32f403a_407.o
    0x08000264   0x08000264   0x00000002   Code   RO          774    .text               c_w.l(use_no_semi_2.o)
    0x08000266   0x08000266   0x00000006   Code   RO          776    .text               c_w.l(heapauxi.o)
    0x0800026c   0x0800026c   0x00000002   Code   RO          780    .text               c_w.l(use_no_semi.o)
    0x0800026e   0x0800026e   0x0000004a   Code   RO          798    .text               c_w.l(sys_stackheap_outer.o)
    0x080002b8   0x080002b8   0x00000012   Code   RO          800    .text               c_w.l(exit.o)
    0x080002ca   0x080002ca   0x00000002   PAD
    0x080002cc   0x080002cc   0x00000008   Code   RO          808    .text               c_w.l(libspace.o)
    0x080002d4   0x080002d4   0x00000002   Code   RO           16    .text.BusFault_Handler  at32f403a_407_int.o
    0x080002d6   0x080002d6   0x00000002   PAD
    0x080002d8   0x080002d8   0x00000002   Code   RO           22    .text.DebugMon_Handler  at32f403a_407_int.o
    0x080002da   0x080002da   0x00000002   PAD
    0x080002dc   0x080002dc   0x00000002   Code   RO           12    .text.HardFault_Handler  at32f403a_407_int.o
    0x080002de   0x080002de   0x00000002   PAD
    0x080002e0   0x080002e0   0x00000002   Code   RO           14    .text.MemManage_Handler  at32f403a_407_int.o
    0x080002e2   0x080002e2   0x00000002   PAD
    0x080002e4   0x080002e4   0x00000002   Code   RO           10    .text.NMI_Handler   at32f403a_407_int.o
    0x080002e6   0x080002e6   0x00000002   PAD
    0x080002e8   0x080002e8   0x00000002   Code   RO           24    .text.PendSV_Handler  at32f403a_407_int.o
    0x080002ea   0x080002ea   0x00000002   PAD
    0x080002ec   0x080002ec   0x00000002   Code   RO           20    .text.SVC_Handler   at32f403a_407_int.o
    0x080002ee   0x080002ee   0x00000002   PAD
    0x080002f0   0x080002f0   0x00000002   Code   RO           26    .text.SysTick_Handler  at32f403a_407_int.o
    0x080002f2   0x080002f2   0x00000002   PAD
    0x080002f4   0x080002f4   0x0000005c   Code   RO          580    .text.SystemInit    system_at32f403a_407.o
    0x08000350   0x08000350   0x0000000c   Code   RO           84    .text.USBFS_L_CAN1_RX0_IRQHandler  main.o
    0x0800035c   0x0800035c   0x00000002   Code   RO           18    .text.UsageFault_Handler  at32f403a_407_int.o
    0x0800035e   0x0800035e   0x00000002   PAD
    0x08000360   0x08000360   0x00000002   Code   RO          102    .text._sys_exit     at32f403a_407_board.o
    0x08000362   0x08000362   0x00000002   PAD
    0x08000364   0x08000364   0x00000020   Code   RO          149    .text.acc_calibration_mode_enable  at32f403a_407_acc.o
    0x08000384   0x08000384   0x0000000c   Code   RO          159    .text.acc_write_c1  at32f403a_407_acc.o
    0x08000390   0x08000390   0x0000000c   Code   RO          161    .text.acc_write_c2  at32f403a_407_acc.o
    0x0800039c   0x0800039c   0x0000000c   Code   RO          163    .text.acc_write_c3  at32f403a_407_acc.o
    0x080003a8   0x080003a8   0x00000114   Code   RO          110    .text.at32_board_init  at32f403a_407_board.o
    0x080004bc   0x080004bc   0x00000016   Code   RO          703    .text.class_clear_handler  hid_iap_class.o
    0x080004d2   0x080004d2   0x00000002   PAD
    0x080004d4   0x080004d4   0x00000020   Code   RO          709    .text.class_ept0_rx_handler  hid_iap_class.o
    0x080004f4   0x080004f4   0x00000004   Code   RO          707    .text.class_ept0_tx_handler  hid_iap_class.o
    0x080004f8   0x080004f8   0x00000004   Code   RO          717    .text.class_event_handler  hid_iap_class.o
    0x080004fc   0x080004fc   0x0000000a   Code   RO          711    .text.class_in_handler  hid_iap_class.o
    0x08000506   0x08000506   0x00000002   PAD
    0x08000508   0x08000508   0x00000032   Code   RO          701    .text.class_init_handler  hid_iap_class.o
    0x0800053a   0x0800053a   0x00000002   PAD
    0x0800053c   0x0800053c   0x0000002c   Code   RO          713    .text.class_out_handler  hid_iap_class.o
    0x08000568   0x08000568   0x000000ca   Code   RO          705    .text.class_setup_handler  hid_iap_class.o
    0x08000632   0x08000632   0x00000002   PAD
    0x08000634   0x08000634   0x00000004   Code   RO          715    .text.class_sof_handler  hid_iap_class.o
    0x08000638   0x08000638   0x0000000c   Code   RO          189    .text.crc_data_get  at32f403a_407_crc.o
    0x08000644   0x08000644   0x00000012   Code   RO          183    .text.crc_data_reset  at32f403a_407_crc.o
    0x08000656   0x08000656   0x00000002   PAD
    0x08000658   0x08000658   0x0000000e   Code   RO          185    .text.crc_one_word_calculate  at32f403a_407_crc.o
    0x08000666   0x08000666   0x00000002   PAD
    0x08000668   0x08000668   0x0000001a   Code   RO          245    .text.crm_ahb_div_set  at32f403a_407_crm.o
    0x08000682   0x08000682   0x00000002   PAD
    0x08000684   0x08000684   0x0000001a   Code   RO          247    .text.crm_apb1_div_set  at32f403a_407_crm.o
    0x0800069e   0x0800069e   0x00000002   PAD
    0x080006a0   0x080006a0   0x0000001a   Code   RO          249    .text.crm_apb2_div_set  at32f403a_407_crm.o
    0x080006ba   0x080006ba   0x00000002   PAD
    0x080006bc   0x080006bc   0x00000018   Code   RO          271    .text.crm_auto_step_mode_enable  at32f403a_407_crm.o
    0x080006d4   0x080006d4   0x0000007a   Code   RO          237    .text.crm_clock_source_enable  at32f403a_407_crm.o
    0x0800074e   0x0800074e   0x00000002   PAD
    0x08000750   0x08000750   0x0000001a   Code   RO          223    .text.crm_flag_get  at32f403a_407_crm.o
    0x0800076a   0x0800076a   0x00000002   PAD
    0x0800076c   0x0800076c   0x0000001a   Code   RO          283    .text.crm_hext_clock_div_set  at32f403a_407_crm.o
    0x08000786   0x08000786   0x00000002   PAD
    0x08000788   0x08000788   0x00000024   Code   RO          225    .text.crm_hext_stable_wait  at32f403a_407_crm.o
    0x080007ac   0x080007ac   0x00000028   Code   RO          231    .text.crm_periph_clock_enable  at32f403a_407_crm.o
    0x080007d4   0x080007d4   0x00000028   Code   RO          233    .text.crm_periph_reset  at32f403a_407_crm.o
    0x080007fc   0x080007fc   0x0000006e   Code   RO          259    .text.crm_pll_config  at32f403a_407_crm.o
    0x0800086a   0x0800086a   0x00000002   PAD
    0x0800086c   0x0800086c   0x00000044   Code   RO          217    .text.crm_reset     at32f403a_407_crm.o
    0x080008b0   0x080008b0   0x00000012   Code   RO          261    .text.crm_sysclk_switch  at32f403a_407_crm.o
    0x080008c2   0x080008c2   0x00000002   PAD
    0x080008c4   0x080008c4   0x00000010   Code   RO          263    .text.crm_sysclk_switch_status_get  at32f403a_407_crm.o
    0x080008d4   0x080008d4   0x0000001c   Code   RO          253    .text.crm_usb_clock_div_set  at32f403a_407_crm.o
    0x080008f0   0x080008f0   0x00000032   Code   RO          279    .text.crm_usb_clock_source_select  at32f403a_407_crm.o
    0x08000922   0x08000922   0x00000002   PAD
    0x08000924   0x08000924   0x00000062   Code   RO          124    .text.delay_ms      at32f403a_407_board.o
    0x08000986   0x08000986   0x00000002   PAD
    0x08000988   0x08000988   0x0000001a   Code   RO          390    .text.flash_lock    at32f403a_407_flash.o
    0x080009a2   0x080009a2   0x00000002   PAD
    0x080009a4   0x080009a4   0x000001e4   Code   RO          398    .text.flash_sector_erase  at32f403a_407_flash.o
    0x08000b88   0x08000b88   0x00000022   Code   RO          382    .text.flash_unlock  at32f403a_407_flash.o
    0x08000baa   0x08000baa   0x00000002   PAD
    0x08000bac   0x08000bac   0x000001c8   Code   RO          414    .text.flash_word_program  at32f403a_407_flash.o
    0x08000d74   0x08000d74   0x00000050   Code   RO          749    .text.get_device_config_string  hid_iap_desc.o
    0x08000dc4   0x08000dc4   0x0000000a   Code   RO          735    .text.get_device_configuration  hid_iap_desc.o
    0x08000dce   0x08000dce   0x00000002   PAD
    0x08000dd0   0x08000dd0   0x0000000a   Code   RO          731    .text.get_device_descriptor  hid_iap_desc.o
    0x08000dda   0x08000dda   0x00000002   PAD
    0x08000ddc   0x08000ddc   0x00000050   Code   RO          747    .text.get_device_interface_string  hid_iap_desc.o
    0x08000e2c   0x08000e2c   0x0000000a   Code   RO          739    .text.get_device_lang_id  hid_iap_desc.o
    0x08000e36   0x08000e36   0x00000002   PAD
    0x08000e38   0x08000e38   0x00000050   Code   RO          741    .text.get_device_manufacturer_string  hid_iap_desc.o
    0x08000e88   0x08000e88   0x00000004   Code   RO          737    .text.get_device_other_speed  hid_iap_desc.o
    0x08000e8c   0x08000e8c   0x00000050   Code   RO          743    .text.get_device_product_string  hid_iap_desc.o
    0x08000edc   0x08000edc   0x00000004   Code   RO          733    .text.get_device_qualifier  hid_iap_desc.o
    0x08000ee0   0x08000ee0   0x00000080   Code   RO          745    .text.get_device_serial_string  hid_iap_desc.o
    0x08000f60   0x08000f60   0x00000012   Code   RO          470    .text.gpio_default_para_init  at32f403a_407_gpio.o
    0x08000f72   0x08000f72   0x00000002   PAD
    0x08000f74   0x08000f74   0x000000be   Code   RO          468    .text.gpio_init     at32f403a_407_gpio.o
    0x08001032   0x08001032   0x00000002   PAD
    0x08001034   0x08001034   0x0000009a   Code   RO           55    .text.iap_address   hid_iap_user.o
    0x080010ce   0x080010ce   0x00000002   PAD
    0x080010d0   0x080010d0   0x00000086   Code   RO           61    .text.iap_crc       hid_iap_user.o
    0x08001156   0x08001156   0x00000002   PAD
    0x08001158   0x08001158   0x000000a6   Code   RO           57    .text.iap_data_write  hid_iap_user.o
    0x080011fe   0x080011fe   0x00000002   PAD
    0x08001200   0x08001200   0x00000020   Code   RO           41    .text.iap_get_upgrade_flag  hid_iap_user.o
    0x08001220   0x08001220   0x00000066   Code   RO           47    .text.iap_init      hid_iap_user.o
    0x08001286   0x08001286   0x00000002   PAD
    0x08001288   0x08001288   0x0000007a   Code   RO           71    .text.iap_loop      hid_iap_user.o
    0x08001302   0x08001302   0x00000002   PAD
    0x08001304   0x08001304   0x0000005e   Code   RO           35    .text.jump_to_app   hid_iap_user.o
    0x08001362   0x08001362   0x00000002   PAD
    0x08001364   0x08001364   0x0000007a   Code   RO           90    .text.main          main.o
    0x080013de   0x080013de   0x00000002   PAD
    0x080013e0   0x080013e0   0x00000028   Code   RO          514    .text.nvic_irq_disable  at32f403a_407_misc.o
    0x08001408   0x08001408   0x00000074   Code   RO          512    .text.nvic_irq_enable  at32f403a_407_misc.o
    0x0800147c   0x0800147c   0x00000020   Code   RO          516    .text.nvic_priority_group_config  at32f403a_407_misc.o
    0x0800149c   0x0800149c   0x0000006e   Code   RO            2    .text.system_clock_config  at32f403a_407_clock.o
    0x0800150a   0x0800150a   0x00000002   PAD
    0x0800150c   0x0800150c   0x000000b4   Code   RO          582    .text.system_core_clock_update  system_at32f403a_407.o
    0x080015c0   0x080015c0   0x00000018   Code   RO          522    .text.systick_clock_source_config  at32f403a_407_misc.o
    0x080015d8   0x080015d8   0x0000000e   Code   RO          564    .text.usb_buffer_free  at32f403a_407_usb.o
    0x080015e6   0x080015e6   0x00000002   PAD
    0x080015e8   0x080015e8   0x00000012   Code   RO          562    .text.usb_buffer_malloc  at32f403a_407_usb.o
    0x080015fa   0x080015fa   0x00000002   PAD
    0x080015fc   0x080015fc   0x000000fa   Code   RO           82    .text.usb_clock48m_select  main.o
    0x080016f6   0x080016f6   0x00000002   PAD
    0x080016f8   0x080016f8   0x00000012   Code   RO          536    .text.usb_connect   at32f403a_407_usb.o
    0x0800170a   0x0800170a   0x00000002   PAD
    0x0800170c   0x0800170c   0x0000001c   Code   RO          532    .text.usb_dev_init  at32f403a_407_usb.o
    0x08001728   0x08001728   0x00000012   Code   RO          554    .text.usb_enter_suspend  at32f403a_407_usb.o
    0x0800173a   0x0800173a   0x00000002   PAD
    0x0800173c   0x0800173c   0x000000da   Code   RO          544    .text.usb_ept_close  at32f403a_407_usb.o
    0x08001816   0x08001816   0x00000002   PAD
    0x08001818   0x08001818   0x00000322   Code   RO          542    .text.usb_ept_open  at32f403a_407_usb.o
    0x08001b3a   0x08001b3a   0x00000002   PAD
    0x08001b3c   0x08001b3c   0x00000012   Code   RO          556    .text.usb_exit_suspend  at32f403a_407_usb.o
    0x08001b4e   0x08001b4e   0x00000002   PAD
    0x08001b50   0x08001b50   0x00000006   Code   RO          568    .text.usb_flag_clear  at32f403a_407_usb.o
    0x08001b56   0x08001b56   0x00000002   PAD
    0x08001b58   0x08001b58   0x00000020   Code   RO          719    .text.usb_iap_class_send_report  hid_iap_class.o
    0x08001b78   0x08001b78   0x00000036   Code   RO          548    .text.usb_read_packet  at32f403a_407_usb.o
    0x08001bae   0x08001bae   0x00000002   PAD
    0x08001bb0   0x08001bb0   0x00000012   Code   RO          550    .text.usb_set_address  at32f403a_407_usb.o
    0x08001bc2   0x08001bc2   0x00000002   PAD
    0x08001bc4   0x08001bc4   0x00000036   Code   RO          546    .text.usb_write_packet  at32f403a_407_usb.o
    0x08001bfa   0x08001bfa   0x00000002   PAD
    0x08001bfc   0x08001bfc   0x0000004c   Code   RO          620    .text.usbd_clear_stall  usbd_core.o
    0x08001c48   0x08001c48   0x00000006   Code   RO          638    .text.usbd_connect  usbd_core.o
    0x08001c4e   0x08001c4e   0x00000002   PAD
    0x08001c50   0x08001c50   0x00000006   Code   RO          644    .text.usbd_connect_state_get  usbd_core.o
    0x08001c56   0x08001c56   0x00000002   PAD
    0x08001c58   0x08001c58   0x000000ea   Code   RO          602    .text.usbd_core_in_handler  usbd_core.o
    0x08001d42   0x08001d42   0x00000002   PAD
    0x08001d44   0x08001d44   0x00000078   Code   RO          652    .text.usbd_core_init  usbd_core.o
    0x08001dbc   0x08001dbc   0x0000009a   Code   RO          610    .text.usbd_core_out_handler  usbd_core.o
    0x08001e56   0x08001e56   0x00000002   PAD
    0x08001e58   0x08001e58   0x00000052   Code   RO          614    .text.usbd_core_setup_handler  usbd_core.o
    0x08001eaa   0x08001eaa   0x00000002   PAD
    0x08001eac   0x08001eac   0x0000003e   Code   RO          618    .text.usbd_ctrl_recv  usbd_core.o
    0x08001eea   0x08001eea   0x00000002   PAD
    0x08001eec   0x08001eec   0x00000016   Code   RO          616    .text.usbd_ctrl_send  usbd_core.o
    0x08001f02   0x08001f02   0x00000002   PAD
    0x08001f04   0x08001f04   0x00000012   Code   RO          612    .text.usbd_ctrl_send_status  usbd_core.o
    0x08001f16   0x08001f16   0x00000002   PAD
    0x08001f18   0x08001f18   0x00000046   Code   RO          624    .text.usbd_ctrl_unsupport  usbd_core.o
    0x08001f5e   0x08001f5e   0x00000002   PAD
    0x08001f60   0x08001f60   0x0000023e   Code   RO          686    .text.usbd_device_request  usbd_sdr.o
    0x0800219e   0x0800219e   0x00000002   PAD
    0x080021a0   0x080021a0   0x0000011c   Code   RO          690    .text.usbd_endpoint_request  usbd_sdr.o
    0x080022bc   0x080022bc   0x00000006   Code   RO          648    .text.usbd_enter_suspend  usbd_core.o
    0x080022c2   0x080022c2   0x00000002   PAD
    0x080022c4   0x080022c4   0x0000004c   Code   RO          630    .text.usbd_ept_buf_auto_define  usbd_core.o
    0x08002310   0x08002310   0x0000001c   Code   RO          636    .text.usbd_ept_close  usbd_core.o
    0x0800232c   0x0800232c   0x00000064   Code   RO          650    .text.usbd_ept_defaut_init  usbd_core.o
    0x08002390   0x08002390   0x00000042   Code   RO          634    .text.usbd_ept_open  usbd_core.o
    0x080023d2   0x080023d2   0x00000002   PAD
    0x080023d4   0x080023d4   0x0000003e   Code   RO          606    .text.usbd_ept_recv  usbd_core.o
    0x08002412   0x08002412   0x00000002   PAD
    0x08002414   0x08002414   0x000000ae   Code   RO          604    .text.usbd_ept_send  usbd_core.o
    0x080024c2   0x080024c2   0x00000002   PAD
    0x080024c4   0x080024c4   0x000001b8   Code   RO          674    .text.usbd_eptn_handler  usbd_int.o
    0x0800267c   0x0800267c   0x0000000e   Code   RO          626    .text.usbd_get_recv_len  usbd_core.o
    0x0800268a   0x0800268a   0x00000002   PAD
    0x0800268c   0x0800268c   0x00000018   Code   RO           69    .text.usbd_hid_iap_in_complete  hid_iap_user.o
    0x080026a4   0x080026a4   0x000001aa   Code   RO           67    .text.usbd_hid_iap_process  hid_iap_user.o
    0x0800284e   0x0800284e   0x00000002   PAD
    0x08002850   0x08002850   0x00000042   Code   RO          688    .text.usbd_interface_request  usbd_sdr.o
    0x08002892   0x08002892   0x00000002   PAD
    0x08002894   0x08002894   0x0000010c   Code   RO          662    .text.usbd_irq_handler  usbd_int.o
    0x080029a0   0x080029a0   0x0000004c   Code   RO          622    .text.usbd_set_stall  usbd_core.o
    0x080029ec   0x080029ec   0x00000016   Code   RO          684    .text.usbd_setup_request_parse  usbd_sdr.o
    0x08002a02   0x08002a02   0x0000001a   Code   RO          869    x$fpl$fpinit        fz_wm.l(fpinit.o)
    0x08002a1c   0x08002a1c   0x00000030   Data   RO          760    .rodata.str1.1      hid_iap_desc.o
    0x08002a4c   0x08002a4c   0x00000020   Data   RO          934    Region$$Table       anon$$obj.o


    Execution Region RW_IRAM1 (Exec base: 0x20000000, Load base: 0x08002a70, Size: 0x00001008, Max: 0x00038000, ABSOLUTE)

    Exec Addr    Load Addr    Size         Type   Attr      Idx    E Section Name        Object

    0x20000000   0x08002a70   0x00000008   Data   RW          756    .data.config_descriptor  hid_iap_desc.o
    0x20000008   0x08002a78   0x00000008   Data   RW          754    .data.device_descriptor  hid_iap_desc.o
    0x20000010   0x08002a80   0x00000009   Data   RW          753    .data.g_hidiap_usb_desc  hid_iap_desc.o
    0x20000019   0x08002a89   0x00000003   PAD
    0x2000001c   0x08002a8c   0x00000004   Data   RW          759    .data.g_string_lang_id  hid_iap_desc.o
    0x20000020   0x08002a90   0x0000001a   Data   RW          764    .data.g_string_serial  hid_iap_desc.o
    0x2000003a   0x08002aaa   0x00000002   Data   RW          571    .data.g_usb_offset_addr  at32f403a_407_usb.o
    0x2000003c   0x08002aac   0x00000004   Data   RW          570    .data.g_usb_packet_address  at32f403a_407_usb.o
    0x20000040   0x08002ab0   0x00000029   Data   RW          757    .data.g_usbd_configuration  hid_iap_desc.o
    0x20000069   0x08002ad9   0x00000003   PAD
    0x2000006c   0x08002adc   0x00000012   Data   RW          755    .data.g_usbd_descriptor  hid_iap_desc.o
    0x2000007e   0x08002aee   0x00000002   PAD
    0x20000080   0x08002af0   0x00000020   Data   RW          752    .data.g_usbd_hidiap_report  hid_iap_desc.o
    0x200000a0   0x08002b10   0x00000028   Data   RW          722    .data.hid_iap_class_handler  hid_iap_class.o
    0x200000c8   0x08002b38   0x00000028   Data   RW          751    .data.hid_iap_desc_handler  hid_iap_desc.o
    0x200000f0   0x08002b60   0x00000008   Data   RW          758    .data.langid_descriptor  hid_iap_desc.o
    0x200000f8   0x08002b68   0x0000000c   Data   RW          136    .data.led_gpio_crm_clk  at32f403a_407_board.o
    0x20000104   0x08002b74   0x00000006   Data   RW          135    .data.led_gpio_pin  at32f403a_407_board.o
    0x2000010a   0x08002b7a   0x00000002   PAD
    0x2000010c   0x08002b7c   0x0000000c   Data   RW          134    .data.led_gpio_port  at32f403a_407_board.o
    0x20000118   0x08002b88   0x00000008   Data   RW          763    .data.serial_descriptor  hid_iap_desc.o
    0x20000120   0x08002b90   0x00000004   Data   RW          584    .data.system_core_clock  system_at32f403a_407.o
    0x20000124   0x08002b94   0x00000004   PAD
    0x20000128        -       0x00000060   Zero   RW          809    .bss                c_w.l(libspace.o)
    0x20000188        -       0x00000004   Zero   RW          139    .bss.fac_ms         at32f403a_407_board.o
    0x2000018c        -       0x00000004   Zero   RW          138    .bss.fac_us         at32f403a_407_board.o
    0x20000190        -       0x00000100   Zero   RW          761    .bss.g_usbd_desc_buffer  hid_iap_desc.o
    0x20000290        -       0x0000053c   Zero   RW          721    .bss.iap_info       hid_iap_class.o
    0x200007cc        -       0x00000004   Zero   RW           73    .bss.pftarget       hid_iap_user.o
    0x200007d0        -       0x0000022c   Zero   RW           92    .bss.usb_core_dev   main.o
    0x200009fc        -       0x00000001   Zero   RW          692    .bss.usbd_set_configuration.config_value  usbd_sdr.o
    0x200009fd   0x08002b94   0x00000003   PAD
    0x20000a00        -       0x00000008   Zero   RW          762    .bss.vp_desc        hid_iap_desc.o
    0x20000a08        -       0x00000200   Zero   RW          593    HEAP                startup_at32f403a_407.o
    0x20000c08        -       0x00000400   Zero   RW          592    STACK               startup_at32f403a_407.o


==============================================================================

Image component sizes


      Code (inc. data)   RO Data    RW Data    ZI Data      Debug   Object Name

        68          0          0          0          0       3499   at32f403a_407_acc.o
       376          0          0         30          8      14075   at32f403a_407_board.o
       110          0          0          0          0       3298   at32f403a_407_clock.o
        44          0          0          0          0       3527   at32f403a_407_crc.o
       682          6          0          0          0      22243   at32f403a_407_crm.o
      1000          0          0          0          0      29733   at32f403a_407_flash.o
       208          0          0          0          0      15636   at32f403a_407_gpio.o
        18          0          0          0          0       1086   at32f403a_407_int.o
       212          0          0          0          0       7372   at32f403a_407_misc.o
      1266          4          0          6          0      14845   at32f403a_407_usb.o
       404         22          0         40       1340       9453   hid_iap_class.o
       486          0         48        202        264       4263   hid_iap_desc.o
      1254          8          0          0          4      14532   hid_iap_user.o
       384          0          0          0        556      10430   main.o
        64         26        388          0       1536       1052   startup_at32f403a_407.o
       272         16          0          4          0       8448   system_at32f403a_407.o
      1452          0          0          0          0      15238   usbd_core.o
       708          0          0          0          0       8398   usbd_int.o
       946         24          0          0          1       9250   usbd_sdr.o

    ----------------------------------------------------------------------
     10094        106        468        292       3716     196378   Object Totals
         0          0         32          0          0          0   (incl. Generated)
       140          0          0         10          7          0   (incl. Padding)

    ----------------------------------------------------------------------

      Code (inc. data)   RO Data    RW Data    ZI Data      Debug   Library Member Name

         8          0          0          0          0         68   __main.o
         0          0          0          0          0          0   __rtentry.o
        12          0          0          0          0          0   __rtentry2.o
         6          0          0          0          0          0   __rtentry4.o
        52          8          0          0          0          0   __scatter.o
        26          0          0          0          0          0   __scatter_copy.o
        28          0          0          0          0          0   __scatter_zi.o
        18          0          0          0          0         80   exit.o
         6          0          0          0          0        152   heapauxi.o
         2          0          0          0          0          0   libinit.o
         6          0          0          0          0          0   libinit2.o
         2          0          0          0          0          0   libshutdown.o
         2          0          0          0          0          0   libshutdown2.o
         8          4          0          0         96         68   libspace.o
         2          0          0          0          0          0   rtexit.o
        10          0          0          0          0          0   rtexit2.o
        74          0          0          0          0         80   sys_stackheap_outer.o
         2          0          0          0          0         68   use_no_semi.o
         2          0          0          0          0         68   use_no_semi_2.o
        26          0          0          0          0        116   fpinit.o

    ----------------------------------------------------------------------
       298         12          0          0         96        700   Library Totals
         6          0          0          0          0          0   (incl. Padding)

    ----------------------------------------------------------------------

      Code (inc. data)   RO Data    RW Data    ZI Data      Debug   Library Name

       266         12          0          0         96        584   c_w.l
        26          0          0          0          0        116   fz_wm.l

    ----------------------------------------------------------------------
       298         12          0          0         96        700   Library Totals

    ----------------------------------------------------------------------

==============================================================================


      Code (inc. data)   RO Data    RW Data    ZI Data      Debug   

     10392        118        468        292       3812     196582   Grand Totals
     10392        118        468        292       3812     196582   ELF Image Totals
     10392        118        468        292          0          0   ROM Totals

==============================================================================

    Total RO  Size (Code + RO Data)                10860 (  10.61kB)
    Total RW  Size (RW Data + ZI Data)              4104 (   4.01kB)
    Total ROM Size (Code + RO Data + RW Data)      11152 (  10.89kB)

==============================================================================

